
> client@0.0.0 test
> jest --runInBand --clearCache --no-coverage --testTimeout=10000

Cleared C:\Users\paone\AppData\Local\Temp\jest
