
> backend@1.0.0 test
> jest --runInBand

node.exe : FAIL 
tests/integration/auth.admin-manager.memory.test.js
At C:\Program Files\nodejs\npm.ps1:29 char:3
+   & $NODE_EXE $NPM_CLI_JS $args
+   ~~~~~~~~~~~~~~~~~~~~~~~~~~~~~
    + CategoryInfo          : NotSpecified: (FAIL tests/ 
   inte....memory.test.js:String) [], RemoteException
    + FullyQualifiedErrorId : NativeCommandError
 
  ΓùÅ Console

    console.log
      [Cache] Redis connected

      at EventEmitter.log 
(src/config/cache.config.js:17:35)

    console.log
      [Cache] Redis ready

      at EventEmitter.log 
(src/config/cache.config.js:18:54)

  ΓùÅ auth admin/manager login (memory db) ΓÇ║ POST 
/auth/admin/login returns 400 when fields missing

    TypeError: (intermediate value).bindTools is not a 
function

    [0m [90m 64 |[39m         temperature[33m:[39m 
[35m0.5[39m[33m,[39m
     [90m 65 |[39m         maxTokens[33m:[39m 
[35m512[39m[33m,[39m
    [31m[1m>[22m[39m[90m 66 |[39m     
})[33m.[39mbindTools([productSearchTool])[33m;[39m
     [90m    |[39m        [31m[1m^[22m[39m
     [90m 67 |[39m }[33m;[39m
     [90m 68 |[39m
     [90m 69 |[39m [90m// 
==========================================[39m[0m

      at bindTools (src/helpers/graph.helper.js:66:8)
      at initializeModel 
(src/helpers/graph.helper.js:145:19)
      at Object.<anonymous> 
(src/services/chatbot.service.js:6:46)
      at Object.require 
(src/controllers/chatbot.controller.js:2:1)
      at Object.require 
(src/routes/chatbot.router.js:2:1)
      at Object.require (src/app.create.js:15:1)
      at require (tests/integration/auth.admin-manager.me
mory.test.js:16:27)
      at Object.<anonymous> (tests/integration/auth.admin
-manager.memory.test.js:16:27)

  ΓùÅ auth admin/manager login (memory db) ΓÇ║ POST 
/auth/admin/login succeeds for valid admin

    TypeError: (intermediate value).bindTools is not a 
function

    [0m [90m 64 |[39m         temperature[33m:[39m 
[35m0.5[39m[33m,[39m
     [90m 65 |[39m         maxTokens[33m:[39m 
[35m512[39m[33m,[39m
    [31m[1m>[22m[39m[90m 66 |[39m     
})[33m.[39mbindTools([productSearchTool])[33m;[39m
     [90m    |[39m        [31m[1m^[22m[39m
     [90m 67 |[39m }[33m;[39m
     [90m 68 |[39m
     [90m 69 |[39m [90m// 
==========================================[39m[0m

      at bindTools (src/helpers/graph.helper.js:66:8)
      at initializeModel 
(src/helpers/graph.helper.js:145:19)
      at Object.<anonymous> 
(src/services/chatbot.service.js:6:46)
      at Object.require 
(src/controllers/chatbot.controller.js:2:1)
      at Object.require 
(src/routes/chatbot.router.js:2:1)
      at Object.require (src/app.create.js:15:1)
      at require (tests/integration/auth.admin-manager.me
mory.test.js:16:27)
      at Object.<anonymous> (tests/integration/auth.admin
-manager.memory.test.js:16:27)

  ΓùÅ auth admin/manager login (memory db) ΓÇ║ POST 
/auth/manager/login returns 401 for wrong password

    TypeError: (intermediate value).bindTools is not a 
function

    [0m [90m 64 |[39m         temperature[33m:[39m 
[35m0.5[39m[33m,[39m
     [90m 65 |[39m         maxTokens[33m:[39m 
[35m512[39m[33m,[39m
    [31m[1m>[22m[39m[90m 66 |[39m     
})[33m.[39mbindTools([productSearchTool])[33m;[39m
     [90m    |[39m        [31m[1m^[22m[39m
     [90m 67 |[39m }[33m;[39m
     [90m 68 |[39m
     [90m 69 |[39m [90m// 
==========================================[39m[0m

      at bindTools (src/helpers/graph.helper.js:66:8)
      at initializeModel 
(src/helpers/graph.helper.js:145:19)
      at Object.<anonymous> 
(src/services/chatbot.service.js:6:46)
      at Object.require 
(src/controllers/chatbot.controller.js:2:1)
      at Object.require 
(src/routes/chatbot.router.js:2:1)
      at Object.require (src/app.create.js:15:1)
      at require (tests/integration/auth.admin-manager.me
mory.test.js:16:27)
      at Object.<anonymous> (tests/integration/auth.admin
-manager.memory.test.js:16:27)

  ΓùÅ auth admin/manager login (memory db) ΓÇ║ POST 
/auth/manager/login succeeds for valid manager

    TypeError: (intermediate value).bindTools is not a 
function

    [0m [90m 64 |[39m         temperature[33m:[39m 
[35m0.5[39m[33m,[39m
     [90m 65 |[39m         maxTokens[33m:[39m 
[35m512[39m[33m,[39m
    [31m[1m>[22m[39m[90m 66 |[39m     
})[33m.[39mbindTools([productSearchTool])[33m;[39m
     [90m    |[39m        [31m[1m^[22m[39m
     [90m 67 |[39m }[33m;[39m
     [90m 68 |[39m
     [90m 69 |[39m [90m// 
==========================================[39m[0m

      at bindTools (src/helpers/graph.helper.js:66:8)
      at initializeModel 
(src/helpers/graph.helper.js:145:19)
      at Object.<anonymous> 
(src/services/chatbot.service.js:6:46)
      at Object.require 
(src/controllers/chatbot.controller.js:2:1)
      at Object.require 
(src/routes/chatbot.router.js:2:1)
      at Object.require (src/app.create.js:15:1)
      at require (tests/integration/auth.admin-manager.me
mory.test.js:16:27)
      at Object.<anonymous> (tests/integration/auth.admin
-manager.memory.test.js:16:27)

FAIL tests/integration/auth.router.memory.test.js
  ΓùÅ Console

    console.log
      [Cache] Redis connected

      at EventEmitter.log 
(src/config/cache.config.js:17:35)

    console.log
      [Cache] Redis ready

      at EventEmitter.log 
(src/config/cache.config.js:18:54)

  ΓùÅ auth router (memory db) ΓÇ║ login then /me returns 
authenticated user info

    TypeError: (intermediate value).bindTools is not a 
function

    [0m [90m 64 |[39m         temperature[33m:[39m 
[35m0.5[39m[33m,[39m
     [90m 65 |[39m         maxTokens[33m:[39m 
[35m512[39m[33m,[39m
    [31m[1m>[22m[39m[90m 66 |[39m     
})[33m.[39mbindTools([productSearchTool])[33m;[39m
     [90m    |[39m        [31m[1m^[22m[39m
     [90m 67 |[39m }[33m;[39m
     [90m 68 |[39m
     [90m 69 |[39m [90m// 
==========================================[39m[0m

      at bindTools (src/helpers/graph.helper.js:66:8)
      at initializeModel 
(src/helpers/graph.helper.js:145:19)
      at Object.<anonymous> 
(src/services/chatbot.service.js:6:46)
      at Object.require 
(src/controllers/chatbot.controller.js:2:1)
      at Object.require 
(src/routes/chatbot.router.js:2:1)
      at Object.require (src/app.create.js:15:1)
      at require 
(tests/integration/auth.router.memory.test.js:15:27)
      at Object.<anonymous> 
(tests/integration/auth.router.memory.test.js:15:27)

  ΓùÅ auth router (memory db) ΓÇ║ /auth/me without token 
returns 403

    TypeError: (intermediate value).bindTools is not a 
function

    [0m [90m 64 |[39m         temperature[33m:[39m 
[35m0.5[39m[33m,[39m
     [90m 65 |[39m         maxTokens[33m:[39m 
[35m512[39m[33m,[39m
    [31m[1m>[22m[39m[90m 66 |[39m     
})[33m.[39mbindTools([productSearchTool])[33m;[39m
     [90m    |[39m        [31m[1m^[22m[39m
     [90m 67 |[39m }[33m;[39m
     [90m 68 |[39m
     [90m 69 |[39m [90m// 
==========================================[39m[0m

      at bindTools (src/helpers/graph.helper.js:66:8)
      at initializeModel 
(src/helpers/graph.helper.js:145:19)
      at Object.<anonymous> 
(src/services/chatbot.service.js:6:46)
      at Object.require 
(src/controllers/chatbot.controller.js:2:1)
      at Object.require 
(src/routes/chatbot.router.js:2:1)
      at Object.require (src/app.create.js:15:1)
      at require 
(tests/integration/auth.router.memory.test.js:15:27)
      at Object.<anonymous> 
(tests/integration/auth.router.memory.test.js:15:27)

  ΓùÅ auth router (memory db) ΓÇ║ /auth/logout clears 
token cookie

    TypeError: (intermediate value).bindTools is not a 
function

    [0m [90m 64 |[39m         temperature[33m:[39m 
[35m0.5[39m[33m,[39m
     [90m 65 |[39m         maxTokens[33m:[39m 
[35m512[39m[33m,[39m
    [31m[1m>[22m[39m[90m 66 |[39m     
})[33m.[39mbindTools([productSearchTool])[33m;[39m
     [90m    |[39m        [31m[1m^[22m[39m
     [90m 67 |[39m }[33m;[39m
     [90m 68 |[39m
     [90m 69 |[39m [90m// 
==========================================[39m[0m

      at bindTools (src/helpers/graph.helper.js:66:8)
      at initializeModel 
(src/helpers/graph.helper.js:145:19)
      at Object.<anonymous> 
(src/services/chatbot.service.js:6:46)
      at Object.require 
(src/controllers/chatbot.controller.js:2:1)
      at Object.require 
(src/routes/chatbot.router.js:2:1)
      at Object.require (src/app.create.js:15:1)
      at require 
(tests/integration/auth.router.memory.test.js:15:27)
      at Object.<anonymous> 
(tests/integration/auth.router.memory.test.js:15:27)

FAIL tests/integration/auth.rbac.routes.test.js
  ΓùÅ route RBAC integration ΓÇ║ GET /admin/metrics 
blocks user role

    TypeError: (intermediate value).bindTools is not a 
function

    [0m [90m 64 |[39m         temperature[33m:[39m 
[35m0.5[39m[33m,[39m
     [90m 65 |[39m         maxTokens[33m:[39m 
[35m512[39m[33m,[39m
    [31m[1m>[22m[39m[90m 66 |[39m     
})[33m.[39mbindTools([productSearchTool])[33m;[39m
     [90m    |[39m        [31m[1m^[22m[39m
     [90m 67 |[39m }[33m;[39m
     [90m 68 |[39m
     [90m 69 |[39m [90m// 
==========================================[39m[0m

      at bindTools (src/helpers/graph.helper.js:66:8)
      at initializeModel 
(src/helpers/graph.helper.js:145:19)
      at Object.<anonymous> 
(src/services/chatbot.service.js:6:46)
      at Object.require 
(src/controllers/chatbot.controller.js:2:1)
      at Object.require 
(src/routes/chatbot.router.js:2:1)
      at Object.require (src/app.create.js:15:1)
      at require 
(tests/integration/auth.rbac.routes.test.js:16:27)
      at Object.<anonymous> 
(tests/integration/auth.rbac.routes.test.js:16:27)

  ΓùÅ route RBAC integration ΓÇ║ GET /manager/d blocks 
user role

    TypeError: (intermediate value).bindTools is not a 
function

    [0m [90m 64 |[39m         temperature[33m:[39m 
[35m0.5[39m[33m,[39m
     [90m 65 |[39m         maxTokens[33m:[39m 
[35m512[39m[33m,[39m
    [31m[1m>[22m[39m[90m 66 |[39m     
})[33m.[39mbindTools([productSearchTool])[33m;[39m
     [90m    |[39m        [31m[1m^[22m[39m
     [90m 67 |[39m }[33m;[39m
     [90m 68 |[39m
     [90m 69 |[39m [90m// 
==========================================[39m[0m

      at bindTools (src/helpers/graph.helper.js:66:8)
      at initializeModel 
(src/helpers/graph.helper.js:145:19)
      at Object.<anonymous> 
(src/services/chatbot.service.js:6:46)
      at Object.require 
(src/controllers/chatbot.controller.js:2:1)
      at Object.require 
(src/routes/chatbot.router.js:2:1)
      at Object.require (src/app.create.js:15:1)
      at require 
(tests/integration/auth.rbac.routes.test.js:16:27)
      at Object.<anonymous> 
(tests/integration/auth.rbac.routes.test.js:16:27)

  ΓùÅ route RBAC integration ΓÇ║ GET /user/wishlist 
blocks admin role

    TypeError: (intermediate value).bindTools is not a 
function

    [0m [90m 64 |[39m         temperature[33m:[39m 
[35m0.5[39m[33m,[39m
     [90m 65 |[39m         maxTokens[33m:[39m 
[35m512[39m[33m,[39m
    [31m[1m>[22m[39m[90m 66 |[39m     
})[33m.[39mbindTools([productSearchTool])[33m;[39m
     [90m    |[39m        [31m[1m^[22m[39m
     [90m 67 |[39m }[33m;[39m
     [90m 68 |[39m
     [90m 69 |[39m [90m// 
==========================================[39m[0m

      at bindTools (src/helpers/graph.helper.js:66:8)
      at initializeModel 
(src/helpers/graph.helper.js:145:19)
      at Object.<anonymous> 
(src/services/chatbot.service.js:6:46)
      at Object.require 
(src/controllers/chatbot.controller.js:2:1)
      at Object.require 
(src/routes/chatbot.router.js:2:1)
      at Object.require (src/app.create.js:15:1)
      at require 
(tests/integration/auth.rbac.routes.test.js:16:27)
      at Object.<anonymous> 
(tests/integration/auth.rbac.routes.test.js:16:27)

  ΓùÅ route RBAC integration ΓÇ║ GET /admin/metrics 
requires token

    TypeError: (intermediate value).bindTools is not a 
function

    [0m [90m 64 |[39m         temperature[33m:[39m 
[35m0.5[39m[33m,[39m
     [90m 65 |[39m         maxTokens[33m:[39m 
[35m512[39m[33m,[39m
    [31m[1m>[22m[39m[90m 66 |[39m     
})[33m.[39mbindTools([productSearchTool])[33m;[39m
     [90m    |[39m        [31m[1m^[22m[39m
     [90m 67 |[39m }[33m;[39m
     [90m 68 |[39m
     [90m 69 |[39m [90m// 
==========================================[39m[0m

      at bindTools (src/helpers/graph.helper.js:66:8)
      at initializeModel 
(src/helpers/graph.helper.js:145:19)
      at Object.<anonymous> 
(src/services/chatbot.service.js:6:46)
      at Object.require 
(src/controllers/chatbot.controller.js:2:1)
      at Object.require 
(src/routes/chatbot.router.js:2:1)
      at Object.require (src/app.create.js:15:1)
      at require 
(tests/integration/auth.rbac.routes.test.js:16:27)
      at Object.<anonymous> 
(tests/integration/auth.rbac.routes.test.js:16:27)

  ΓùÅ route RBAC integration ΓÇ║ GET /manager/d rejects 
invalid token

    TypeError: (intermediate value).bindTools is not a 
function

    [0m [90m 64 |[39m         temperature[33m:[39m 
[35m0.5[39m[33m,[39m
     [90m 65 |[39m         maxTokens[33m:[39m 
[35m512[39m[33m,[39m
    [31m[1m>[22m[39m[90m 66 |[39m     
})[33m.[39mbindTools([productSearchTool])[33m;[39m
     [90m    |[39m        [31m[1m^[22m[39m
     [90m 67 |[39m }[33m;[39m
     [90m 68 |[39m
     [90m 69 |[39m [90m// 
==========================================[39m[0m

      at bindTools (src/helpers/graph.helper.js:66:8)
      at initializeModel 
(src/helpers/graph.helper.js:145:19)
      at Object.<anonymous> 
(src/services/chatbot.service.js:6:46)
      at Object.require 
(src/controllers/chatbot.controller.js:2:1)
      at Object.require 
(src/routes/chatbot.router.js:2:1)
      at Object.require (src/app.create.js:15:1)
      at require 
(tests/integration/auth.rbac.routes.test.js:16:27)
      at Object.<anonymous> 
(tests/integration/auth.rbac.routes.test.js:16:27)

  ΓùÅ route RBAC integration ΓÇ║ GET /auth/me requires 
token

    TypeError: (intermediate value).bindTools is not a 
function

    [0m [90m 64 |[39m         temperature[33m:[39m 
[35m0.5[39m[33m,[39m
     [90m 65 |[39m         maxTokens[33m:[39m 
[35m512[39m[33m,[39m
    [31m[1m>[22m[39m[90m 66 |[39m     
})[33m.[39mbindTools([productSearchTool])[33m;[39m
     [90m    |[39m        [31m[1m^[22m[39m
     [90m 67 |[39m }[33m;[39m
     [90m 68 |[39m
     [90m 69 |[39m [90m// 
==========================================[39m[0m

      at bindTools (src/helpers/graph.helper.js:66:8)
      at initializeModel 
(src/helpers/graph.helper.js:145:19)
      at Object.<anonymous> 
(src/services/chatbot.service.js:6:46)
      at Object.require 
(src/controllers/chatbot.controller.js:2:1)
      at Object.require 
(src/routes/chatbot.router.js:2:1)
      at Object.require (src/app.create.js:15:1)
      at require 
(tests/integration/auth.rbac.routes.test.js:16:27)
      at Object.<anonymous> 
(tests/integration/auth.rbac.routes.test.js:16:27)

FAIL tests/integration/route.auth-validation.integration.
test.js
  ΓùÅ route auth and validation integration ΓÇ║ GET 
/chat/contacts returns 403 when token missing

    TypeError: (intermediate value).bindTools is not a 
function

    [0m [90m 64 |[39m         temperature[33m:[39m 
[35m0.5[39m[33m,[39m
     [90m 65 |[39m         maxTokens[33m:[39m 
[35m512[39m[33m,[39m
    [31m[1m>[22m[39m[90m 66 |[39m     
})[33m.[39mbindTools([productSearchTool])[33m;[39m
     [90m    |[39m        [31m[1m^[22m[39m
     [90m 67 |[39m }[33m;[39m
     [90m 68 |[39m
     [90m 69 |[39m [90m// 
==========================================[39m[0m

      at bindTools (src/helpers/graph.helper.js:66:8)
      at initializeModel 
(src/helpers/graph.helper.js:145:19)
      at Object.<anonymous> 
(src/services/chatbot.service.js:6:46)
      at Object.require 
(src/controllers/chatbot.controller.js:2:1)
      at Object.require 
(src/routes/chatbot.router.js:2:1)
      at Object.require (src/app.create.js:15:1)
      at require (tests/integration/route.auth-validation
.integration.test.js:17:27)
      at Object.<anonymous> (tests/integration/route.auth
-validation.integration.test.js:17:27)

  ΓùÅ route auth and validation integration ΓÇ║ GET 
/chat/contacts returns 403 for invalid token

    TypeError: (intermediate value).bindTools is not a 
function

    [0m [90m 64 |[39m         temperature[33m:[39m 
[35m0.5[39m[33m,[39m
     [90m 65 |[39m         maxTokens[33m:[39m 
[35m512[39m[33m,[39m
    [31m[1m>[22m[39m[90m 66 |[39m     
})[33m.[39mbindTools([productSearchTool])[33m;[39m
     [90m    |[39m        [31m[1m^[22m[39m
     [90m 67 |[39m }[33m;[39m
     [90m 68 |[39m
     [90m 69 |[39m [90m// 
==========================================[39m[0m

      at bindTools (src/helpers/graph.helper.js:66:8)
      at initializeModel 
(src/helpers/graph.helper.js:145:19)
      at Object.<anonymous> 
(src/services/chatbot.service.js:6:46)
      at Object.require 
(src/controllers/chatbot.controller.js:2:1)
      at Object.require 
(src/routes/chatbot.router.js:2:1)
      at Object.require (src/app.create.js:15:1)
      at require (tests/integration/route.auth-validation
.integration.test.js:17:27)
      at Object.<anonymous> (tests/integration/route.auth
-validation.integration.test.js:17:27)

  ΓùÅ route auth and validation integration ΓÇ║ POST 
/chatbot/chat returns 400 for empty message

    TypeError: (intermediate value).bindTools is not a 
function

    [0m [90m 64 |[39m         temperature[33m:[39m 
[35m0.5[39m[33m,[39m
     [90m 65 |[39m         maxTokens[33m:[39m 
[35m512[39m[33m,[39m
    [31m[1m>[22m[39m[90m 66 |[39m     
})[33m.[39mbindTools([productSearchTool])[33m;[39m
     [90m    |[39m        [31m[1m^[22m[39m
     [90m 67 |[39m }[33m;[39m
     [90m 68 |[39m
     [90m 69 |[39m [90m// 
==========================================[39m[0m

      at bindTools (src/helpers/graph.helper.js:66:8)
      at initializeModel 
(src/helpers/graph.helper.js:145:19)
      at Object.<anonymous> 
(src/services/chatbot.service.js:6:46)
      at Object.require 
(src/controllers/chatbot.controller.js:2:1)
      at Object.require 
(src/routes/chatbot.router.js:2:1)
      at Object.require (src/app.create.js:15:1)
      at require (tests/integration/route.auth-validation
.integration.test.js:17:27)
      at Object.<anonymous> (tests/integration/route.auth
-validation.integration.test.js:17:27)

  ΓùÅ route auth and validation integration ΓÇ║ POST 
/chatbot/chat/end returns 400 when thread_id missing

    TypeError: (intermediate value).bindTools is not a 
function

    [0m [90m 64 |[39m         temperature[33m:[39m 
[35m0.5[39m[33m,[39m
     [90m 65 |[39m         maxTokens[33m:[39m 
[35m512[39m[33m,[39m
    [31m[1m>[22m[39m[90m 66 |[39m     
})[33m.[39mbindTools([productSearchTool])[33m;[39m
     [90m    |[39m        [31m[1m^[22m[39m
     [90m 67 |[39m }[33m;[39m
     [90m 68 |[39m
     [90m 69 |[39m [90m// 
==========================================[39m[0m

      at bindTools (src/helpers/graph.helper.js:66:8)
      at initializeModel 
(src/helpers/graph.helper.js:145:19)
      at Object.<anonymous> 
(src/services/chatbot.service.js:6:46)
      at Object.require 
(src/controllers/chatbot.controller.js:2:1)
      at Object.require 
(src/routes/chatbot.router.js:2:1)
      at Object.require (src/app.create.js:15:1)
      at require (tests/integration/route.auth-validation
.integration.test.js:17:27)
      at Object.<anonymous> (tests/integration/route.auth
-validation.integration.test.js:17:27)

  ΓùÅ route auth and validation integration ΓÇ║ POST 
/manager/complaints/:id/resolve-escrow returns 400 when 
actionType missing

    TypeError: (intermediate value).bindTools is not a 
function

    [0m [90m 64 |[39m         temperature[33m:[39m 
[35m0.5[39m[33m,[39m
     [90m 65 |[39m         maxTokens[33m:[39m 
[35m512[39m[33m,[39m
    [31m[1m>[22m[39m[90m 66 |[39m     
})[33m.[39mbindTools([productSearchTool])[33m;[39m
     [90m    |[39m        [31m[1m^[22m[39m
     [90m 67 |[39m }[33m;[39m
     [90m 68 |[39m
     [90m 69 |[39m [90m// 
==========================================[39m[0m

      at bindTools (src/helpers/graph.helper.js:66:8)
      at initializeModel 
(src/helpers/graph.helper.js:145:19)
      at Object.<anonymous> 
(src/services/chatbot.service.js:6:46)
      at Object.require 
(src/controllers/chatbot.controller.js:2:1)
      at Object.require 
(src/routes/chatbot.router.js:2:1)
      at Object.require (src/app.create.js:15:1)
      at require (tests/integration/route.auth-validation
.integration.test.js:17:27)
      at Object.<anonymous> (tests/integration/route.auth
-validation.integration.test.js:17:27)

PASS tests/integration/bid-payment-delivery-flow.test.js
  ΓùÅ Console

    console.log
      [Cache] Redis connected

      at EventEmitter.log 
(src/config/cache.config.js:17:35)

    console.log
      [Cache] Redis ready

      at EventEmitter.log 
(src/config/cache.config.js:18:54)

PASS tests/integration/users.dao.memory.test.js
  ΓùÅ Console

    console.log
      [Cache] Redis connected

      at EventEmitter.log 
(src/config/cache.config.js:17:35)

    console.log
      [Cache] Redis ready

      at EventEmitter.log 
(src/config/cache.config.js:18:54)

    console.log
      {
        _id: new ObjectId('69e4e5f1656f36515e10fee7'),
        username: 'buyer',
        contact: '8888888888',
        email: 'buyer-wl@test.com',
        password: 'pass',
        profilePicPath: null,
        subscription: 0,
        usedPosts: 0,
        wishlistProducts: [
          {
            _id: new 
ObjectId('69e4e5f1656f36515e10fee9'),
            name: 'Wishlist Product',
            price: 5500,
            description: 'wishlist test item',
            zipCode: '500001',
            seller: new 
ObjectId('69e4e5f1656f36515e10fedd'),
            verified: false,
            category: 'Mobiles',
            district: 'Hyderabad',
            city: 'Hyderabad',
            state: 'Telangana',
            images: [Array],
            sellerAcceptedTo: null,
            soldTo: null,
            paymentInProgress: false,
            hf_embeddings: [],
            postingDate: 2026-04-19T14:25:53.571Z,
            requests: [],
            __v: 0
          }
        ],
        earnings: 0,
        defaultPayoutAccountId: null,
        payoutConfiguredAt: null,
        __v: 1
      }

      at log (src/daos/users.dao.js:33:13)

    console.log
      {
        _id: new ObjectId('69e4e5f1656f36515e10fefb'),
        username: 'buyer',
        contact: '8888888888',
        email: 'buyer-wl@test.com',
        password: 'pass',
        profilePicPath: null,
        subscription: 0,
        usedPosts: 0,
        wishlistProducts: [],
        earnings: 0,
        defaultPayoutAccountId: null,
        payoutConfiguredAt: null,
        __v: 2
      }

      at log (src/daos/users.dao.js:33:13)

PASS tests/integration/products.dao.memory.test.js
  ΓùÅ Console

    console.log
      [Cache] Redis connected

      at EventEmitter.log 
(src/config/cache.config.js:17:35)

    console.log
      [Cache] Redis ready

      at EventEmitter.log 
(src/config/cache.config.js:18:54)

PASS tests/integration/seller-cancel-flow.test.js
  ΓùÅ Console

    console.log
      [Cache] Redis connected

      at EventEmitter.log 
(src/config/cache.config.js:17:35)

    console.log
      [Cache] Redis ready

      at EventEmitter.log 
(src/config/cache.config.js:18:54)

PASS tests/unit/seller.service.test.js
  ΓùÅ Console

    console.log
      Error: db down
          at Object.<anonymous> (D:\Sem 6\AdVantage\backe
nd\tests\unit\seller.service.test.js:364:42)
          at Promise.finally.completed (D:\Sem 6\AdVantag
e\backend\node_modules\jest-circus\build\jestAdapterInit.
js:1557:28)
          at new Promise (<anonymous>)
          at callAsyncCircusFn (D:\Sem 6\AdVantage\backen
d\node_modules\jest-circus\build\jestAdapterInit.js:1497:
10)
          at _callCircusTest (D:\Sem 6\AdVantage\backend\
node_modules\jest-circus\build\jestAdapterInit.js:1007:40
)
          at _runTest (D:\Sem 6\AdVantage\backend\node_mo
dules\jest-circus\build\jestAdapterInit.js:947:3)
          at D:\Sem 6\AdVantage\backend\node_modules\jest
-circus\build\jestAdapterInit.js:849:7
          at _runTestsForDescribeBlock (D:\Sem 6\AdVantag
e\backend\node_modules\jest-circus\build\jestAdapterInit.
js:862:11)
          at _runTestsForDescribeBlock (D:\Sem 6\AdVantag
e\backend\node_modules\jest-circus\build\jestAdapterInit.
js:857:11)
          at run (D:\Sem 6\AdVantage\backend\node_modules
\jest-circus\build\jestAdapterInit.js:761:3)
          at runAndTransformResultsToJestFormat (D:\Sem 6
\AdVantage\backend\node_modules\jest-circus\build\jestAda
pterInit.js:1918:21)
          at jestAdapter (D:\Sem 6\AdVantage\backend\node
_modules\jest-circus\build\runner.js:101:19)
          at runTestInternal (D:\Sem 6\AdVantage\backend\
node_modules\jest-runner\build\index.js:275:16)
          at runTest (D:\Sem 6\AdVantage\backend\node_mod
ules\jest-runner\build\index.js:343:7)

      at log (src/services/seller.service.js:993:17)

PASS tests/unit/seller.payout.service.test.js
PASS tests/integration/payout.routes.integration.test.js
  ΓùÅ Console

    console.log
      [Cache] Redis connected

      at EventEmitter.log 
(src/config/cache.config.js:17:35)

    console.log
      [Cache] Redis ready

      at EventEmitter.log 
(src/config/cache.config.js:18:54)

PASS tests/unit/chat.controller.test.js
  ΓùÅ Console

    console.log
      undefined

      at log (src/controllers/chat.controller.js:42:17)

    console.log
      hitting createcontact:  u1

      at log (src/controllers/chat.controller.js:43:17)

    console.log
      u2

      at log (src/controllers/chat.controller.js:42:17)

    console.log
      hitting createcontact:  u1

      at log (src/controllers/chat.controller.js:43:17)

    console.log
      response:  { success: true }

      at log (src/controllers/chat.controller.js:50:17)

    console.log
      hitting inboxController

      at log (src/controllers/chat.controller.js:70:17)

    console.log
      hitting inboxController

      at log (src/controllers/chat.controller.js:70:17)

PASS tests/unit/buyer.service.test.js
PASS tests/integration/anyone.router.test.js
  ΓùÅ Console

    console.log
      [Cache] Redis connected

      at EventEmitter.log 
(src/config/cache.config.js:17:35)

    console.log
      [ { _id: 'p1' }, { _id: 'p2' } ]

      at log (src/controllers/anyone.controller.js:56:17)

    console.log
      [Cache] Redis ready

      at EventEmitter.log 
(src/config/cache.config.js:18:54)

PASS tests/unit/auth.service.test.js
  ΓùÅ Console

    console.log
      buyer in loginServ:  null

      at log (src/services/auth.service.js:210:13)

    console.log
      buyer in loginServ:  { _id: 'u1', password: 
'right' }

      at log (src/services/auth.service.js:210:13)

    console.log
      buyer in loginServ:  { _id: 'u1', email: 
'u@test.com', password: 'pass' }

      at log (src/services/auth.service.js:210:13)

    console.log
      Log with admin , { _id: 'a1', password: 'right' } 
admin@test.com wrong

      at log (src/services/auth.service.js:281:13)

    console.log
      Log with admin , { _id: 'a1', email: 
'admin@test.com', password: 'pass' } admin@test.com pass

      at log (src/services/auth.service.js:281:13)

    console.log
      null

      at log (src/services/auth.service.js:307:13)

    console.log
      {
        _id: 'm1',
        email: 'manager@test.com',
        password: 'pass',
        category: 'Electronics'
      }

      at log (src/services/auth.service.js:307:13)

    console.log
      new log

      at log (src/services/auth.service.js:77:17)

    console.log
      logging with user meail and email also undefined

      at log (src/services/auth.service.js:78:17)

    console.log
      email to send to: u@test.com

      at log (src/services/auth.service.js:79:17)

    console.error
      MailService error: Error: smtp down
          at Object.<anonymous> (D:\Sem 6\AdVantage\backe
nd\tests\unit\auth.service.test.js:194:45)
          at Promise.finally.completed (D:\Sem 6\AdVantag
e\backend\node_modules\jest-circus\build\jestAdapterInit.
js:1557:28)
          at new Promise (<anonymous>)
          at callAsyncCircusFn (D:\Sem 6\AdVantage\backen
d\node_modules\jest-circus\build\jestAdapterInit.js:1497:
10)
          at _callCircusTest (D:\Sem 6\AdVantage\backend\
node_modules\jest-circus\build\jestAdapterInit.js:1007:40
)
          at _runTest (D:\Sem 6\AdVantage\backend\node_mo
dules\jest-circus\build\jestAdapterInit.js:947:3)
          at D:\Sem 6\AdVantage\backend\node_modules\jest
-circus\build\jestAdapterInit.js:849:7
          at _runTestsForDescribeBlock (D:\Sem 6\AdVantag
e\backend\node_modules\jest-circus\build\jestAdapterInit.
js:862:11)
          at _runTestsForDescribeBlock (D:\Sem 6\AdVantag
e\backend\node_modules\jest-circus\build\jestAdapterInit.
js:857:11)
          at run (D:\Sem 6\AdVantage\backend\node_modules
\jest-circus\build\jestAdapterInit.js:761:3)
          at runAndTransformResultsToJestFormat (D:\Sem 6
\AdVantage\backend\node_modules\jest-circus\build\jestAda
pterInit.js:1918:21)
          at jestAdapter (D:\Sem 6\AdVantage\backend\node
_modules\jest-circus\build\runner.js:101:19)
          at runTestInternal (D:\Sem 6\AdVantage\backend\
node_modules\jest-runner\build\index.js:275:16)
          at runTest (D:\Sem 6\AdVantage\backend\node_mod
ules\jest-runner\build\index.js:343:7)

    [0m [90m 88 |[39m         
     [90m 89 |[39m     } [36mcatch[39m (error) {
    [31m[1m>[22m[39m[90m 90 |[39m         
console[33m.[39merror([32m'MailService 
error:'[39m[33m,[39m error)[33m;[39m
     [90m    |[39m                 [31m[1m^[22m[39m
     [90m 91 |[39m         [36mthrow[39m 
[36mnew[39m [33mError[39m([32m'Failed to send 
verification email'[39m)[33m;[39m
     [90m 92 |[39m     }
     [90m 93 |[39m }[33m;[39m[0m

      at error (src/services/auth.service.js:90:17)
      at Object.<anonymous> 
(tests/unit/auth.service.test.js:197:5)

    console.log
      new log

      at log (src/services/auth.service.js:77:17)

    console.log
      logging with user meail and email also undefined

      at log (src/services/auth.service.js:78:17)

    console.log
      email to send to: u@test.com

      at log (src/services/auth.service.js:79:17)

    console.log
      Sent mail success to  u@test.com

      at log (src/services/auth.service.js:87:17)

PASS tests/unit/chatbot.service.test.js
PASS tests/unit/admin.service.test.js
PASS tests/unit/manager.service.test.js
PASS tests/unit/complaint.service.test.js
  ΓùÅ Console

    console.error
      Error in getProductComplaintsService: Error: db 
down
          at Object.<anonymous> (D:\Sem 6\AdVantage\backe
nd\tests\unit\complaint.service.test.js:105:50)
          at Promise.finally.completed (D:\Sem 6\AdVantag
e\backend\node_modules\jest-circus\build\jestAdapterInit.
js:1557:28)
          at new Promise (<anonymous>)
          at callAsyncCircusFn (D:\Sem 6\AdVantage\backen
d\node_modules\jest-circus\build\jestAdapterInit.js:1497:
10)
          at _callCircusTest (D:\Sem 6\AdVantage\backend\
node_modules\jest-circus\build\jestAdapterInit.js:1007:40
)
          at _runTest (D:\Sem 6\AdVantage\backend\node_mo
dules\jest-circus\build\jestAdapterInit.js:947:3)
          at D:\Sem 6\AdVantage\backend\node_modules\jest
-circus\build\jestAdapterInit.js:849:7
          at _runTestsForDescribeBlock (D:\Sem 6\AdVantag
e\backend\node_modules\jest-circus\build\jestAdapterInit.
js:862:11)
          at _runTestsForDescribeBlock (D:\Sem 6\AdVantag
e\backend\node_modules\jest-circus\build\jestAdapterInit.
js:857:11)
          at run (D:\Sem 6\AdVantage\backend\node_modules
\jest-circus\build\jestAdapterInit.js:761:3)
          at runAndTransformResultsToJestFormat (D:\Sem 6
\AdVantage\backend\node_modules\jest-circus\build\jestAda
pterInit.js:1918:21)
          at jestAdapter (D:\Sem 6\AdVantage\backend\node
_modules\jest-circus\build\runner.js:101:19)
          at runTestInternal (D:\Sem 6\AdVantage\backend\
node_modules\jest-runner\build\index.js:275:16)
          at runTest (D:\Sem 6\AdVantage\backend\node_mod
ules\jest-runner\build\index.js:343:7)

    [0m [90m 68 |[39m         }[33m;[39m
     [90m 69 |[39m     } [36mcatch[39m (error) {
    [31m[1m>[22m[39m[90m 70 |[39m         
console[33m.[39merror([32m"Error in 
getProductComplaintsService:"[39m[33m,[39m 
error)[33m;[39m
     [90m    |[39m                 [31m[1m^[22m[39m
     [90m 71 |[39m         [36mreturn[39m { 
success[33m:[39m [36mfalse[39m[33m,[39m 
status[33m:[39m [35m500[39m[33m,[39m 
message[33m:[39m [32m"Error fetching complaints"[39m 
}[33m;[39m
     [90m 72 |[39m     }
     [90m 73 |[39m }[33m;[39m[0m

      at error (src/services/complaint.service.js:70:17)
      at Object.<anonymous> 
(tests/unit/complaint.service.test.js:107:20)

PASS tests/unit/manager.controller.test.js
PASS tests/unit/payout.middleware.test.js
PASS tests/unit/admin.controller.test.js
  ΓùÅ Console

    console.log
      admin id :  a1

      at log (src/controllers/admin.controller.js:95:13)

    console.log
      user id :  u1

      at log (src/controllers/admin.controller.js:96:13)

PASS tests/unit/auth.controller.test.js
  ΓùÅ Console

    console.log
      Returning token

      at log (src/controllers/auth.controller.js:182:17)

    console.log
      response:  {
        success: true,
        status: 200,
        message: 'Email verified successfully',
        token: 'token-2',
        email: 'u@test.com',
        buyerId: 'u1'
      }

      at log (src/controllers/auth.controller.js:338:17)

PASS tests/unit/protect.middleware.test.js
  ΓùÅ Console

    console.log
      ERROR: Could not verify token

      at log (src/middlewares/protect.js:14:15)

PASS tests/unit/chatbot.controller.test.js
PASS tests/unit/complaint.controller.test.js
PASS tests/unit/chat.service.test.js
PASS tests/unit/buyer.controller.test.js
PASS tests/unit/anyone.service.test.js
  ΓùÅ Console

    console.log
      15

      at log (src/services/anyone.service.js:114:17)


Summary of all failing tests
FAIL tests/integration/auth.admin-manager.memory.test.js
  ΓùÅ auth admin/manager login (memory db) ΓÇ║ POST 
/auth/admin/login returns 400 when fields missing

    TypeError: (intermediate value).bindTools is not a 
function

    [0m [90m 64 |[39m         temperature[33m:[39m 
[35m0.5[39m[33m,[39m
     [90m 65 |[39m         maxTokens[33m:[39m 
[35m512[39m[33m,[39m
    [31m[1m>[22m[39m[90m 66 |[39m     
})[33m.[39mbindTools([productSearchTool])[33m;[39m
     [90m    |[39m        [31m[1m^[22m[39m
     [90m 67 |[39m }[33m;[39m
     [90m 68 |[39m
     [90m 69 |[39m [90m// 
==========================================[39m[0m

      at bindTools (src/helpers/graph.helper.js:66:8)
      at initializeModel 
(src/helpers/graph.helper.js:145:19)
      at Object.<anonymous> 
(src/services/chatbot.service.js:6:46)
      at Object.require 
(src/controllers/chatbot.controller.js:2:1)
      at Object.require 
(src/routes/chatbot.router.js:2:1)
      at Object.require (src/app.create.js:15:1)
      at require (tests/integration/auth.admin-manager.me
mory.test.js:16:27)
      at Object.<anonymous> (tests/integration/auth.admin
-manager.memory.test.js:16:27)

  ΓùÅ auth admin/manager login (memory db) ΓÇ║ POST 
/auth/admin/login succeeds for valid admin

    TypeError: (intermediate value).bindTools is not a 
function

    [0m [90m 64 |[39m         temperature[33m:[39m 
[35m0.5[39m[33m,[39m
     [90m 65 |[39m         maxTokens[33m:[39m 
[35m512[39m[33m,[39m
    [31m[1m>[22m[39m[90m 66 |[39m     
})[33m.[39mbindTools([productSearchTool])[33m;[39m
     [90m    |[39m        [31m[1m^[22m[39m
     [90m 67 |[39m }[33m;[39m
     [90m 68 |[39m
     [90m 69 |[39m [90m// 
==========================================[39m[0m

      at bindTools (src/helpers/graph.helper.js:66:8)
      at initializeModel 
(src/helpers/graph.helper.js:145:19)
      at Object.<anonymous> 
(src/services/chatbot.service.js:6:46)
      at Object.require 
(src/controllers/chatbot.controller.js:2:1)
      at Object.require 
(src/routes/chatbot.router.js:2:1)
      at Object.require (src/app.create.js:15:1)
      at require (tests/integration/auth.admin-manager.me
mory.test.js:16:27)
      at Object.<anonymous> (tests/integration/auth.admin
-manager.memory.test.js:16:27)

  ΓùÅ auth admin/manager login (memory db) ΓÇ║ POST 
/auth/manager/login returns 401 for wrong password

    TypeError: (intermediate value).bindTools is not a 
function

    [0m [90m 64 |[39m         temperature[33m:[39m 
[35m0.5[39m[33m,[39m
     [90m 65 |[39m         maxTokens[33m:[39m 
[35m512[39m[33m,[39m
    [31m[1m>[22m[39m[90m 66 |[39m     
})[33m.[39mbindTools([productSearchTool])[33m;[39m
     [90m    |[39m        [31m[1m^[22m[39m
     [90m 67 |[39m }[33m;[39m
     [90m 68 |[39m
     [90m 69 |[39m [90m// 
==========================================[39m[0m

      at bindTools (src/helpers/graph.helper.js:66:8)
      at initializeModel 
(src/helpers/graph.helper.js:145:19)
      at Object.<anonymous> 
(src/services/chatbot.service.js:6:46)
      at Object.require 
(src/controllers/chatbot.controller.js:2:1)
      at Object.require 
(src/routes/chatbot.router.js:2:1)
      at Object.require (src/app.create.js:15:1)
      at require (tests/integration/auth.admin-manager.me
mory.test.js:16:27)
      at Object.<anonymous> (tests/integration/auth.admin
-manager.memory.test.js:16:27)

  ΓùÅ auth admin/manager login (memory db) ΓÇ║ POST 
/auth/manager/login succeeds for valid manager

    TypeError: (intermediate value).bindTools is not a 
function

    [0m [90m 64 |[39m         temperature[33m:[39m 
[35m0.5[39m[33m,[39m
     [90m 65 |[39m         maxTokens[33m:[39m 
[35m512[39m[33m,[39m
    [31m[1m>[22m[39m[90m 66 |[39m     
})[33m.[39mbindTools([productSearchTool])[33m;[39m
     [90m    |[39m        [31m[1m^[22m[39m
     [90m 67 |[39m }[33m;[39m
     [90m 68 |[39m
     [90m 69 |[39m [90m// 
==========================================[39m[0m

      at bindTools (src/helpers/graph.helper.js:66:8)
      at initializeModel 
(src/helpers/graph.helper.js:145:19)
      at Object.<anonymous> 
(src/services/chatbot.service.js:6:46)
      at Object.require 
(src/controllers/chatbot.controller.js:2:1)
      at Object.require 
(src/routes/chatbot.router.js:2:1)
      at Object.require (src/app.create.js:15:1)
      at require (tests/integration/auth.admin-manager.me
mory.test.js:16:27)
      at Object.<anonymous> (tests/integration/auth.admin
-manager.memory.test.js:16:27)

FAIL tests/integration/auth.router.memory.test.js
  ΓùÅ auth router (memory db) ΓÇ║ login then /me returns 
authenticated user info

    TypeError: (intermediate value).bindTools is not a 
function

    [0m [90m 64 |[39m         temperature[33m:[39m 
[35m0.5[39m[33m,[39m
     [90m 65 |[39m         maxTokens[33m:[39m 
[35m512[39m[33m,[39m
    [31m[1m>[22m[39m[90m 66 |[39m     
})[33m.[39mbindTools([productSearchTool])[33m;[39m
     [90m    |[39m        [31m[1m^[22m[39m
     [90m 67 |[39m }[33m;[39m
     [90m 68 |[39m
     [90m 69 |[39m [90m// 
==========================================[39m[0m

      at bindTools (src/helpers/graph.helper.js:66:8)
      at initializeModel 
(src/helpers/graph.helper.js:145:19)
      at Object.<anonymous> 
(src/services/chatbot.service.js:6:46)
      at Object.require 
(src/controllers/chatbot.controller.js:2:1)
      at Object.require 
(src/routes/chatbot.router.js:2:1)
      at Object.require (src/app.create.js:15:1)
      at require 
(tests/integration/auth.router.memory.test.js:15:27)
      at Object.<anonymous> 
(tests/integration/auth.router.memory.test.js:15:27)

  ΓùÅ auth router (memory db) ΓÇ║ /auth/me without token 
returns 403

    TypeError: (intermediate value).bindTools is not a 
function

    [0m [90m 64 |[39m         temperature[33m:[39m 
[35m0.5[39m[33m,[39m
     [90m 65 |[39m         maxTokens[33m:[39m 
[35m512[39m[33m,[39m
    [31m[1m>[22m[39m[90m 66 |[39m     
})[33m.[39mbindTools([productSearchTool])[33m;[39m
     [90m    |[39m        [31m[1m^[22m[39m
     [90m 67 |[39m }[33m;[39m
     [90m 68 |[39m
     [90m 69 |[39m [90m// 
==========================================[39m[0m

      at bindTools (src/helpers/graph.helper.js:66:8)
      at initializeModel 
(src/helpers/graph.helper.js:145:19)
      at Object.<anonymous> 
(src/services/chatbot.service.js:6:46)
      at Object.require 
(src/controllers/chatbot.controller.js:2:1)
      at Object.require 
(src/routes/chatbot.router.js:2:1)
      at Object.require (src/app.create.js:15:1)
      at require 
(tests/integration/auth.router.memory.test.js:15:27)
      at Object.<anonymous> 
(tests/integration/auth.router.memory.test.js:15:27)

  ΓùÅ auth router (memory db) ΓÇ║ /auth/logout clears 
token cookie

    TypeError: (intermediate value).bindTools is not a 
function

    [0m [90m 64 |[39m         temperature[33m:[39m 
[35m0.5[39m[33m,[39m
     [90m 65 |[39m         maxTokens[33m:[39m 
[35m512[39m[33m,[39m
    [31m[1m>[22m[39m[90m 66 |[39m     
})[33m.[39mbindTools([productSearchTool])[33m;[39m
     [90m    |[39m        [31m[1m^[22m[39m
     [90m 67 |[39m }[33m;[39m
     [90m 68 |[39m
     [90m 69 |[39m [90m// 
==========================================[39m[0m

      at bindTools (src/helpers/graph.helper.js:66:8)
      at initializeModel 
(src/helpers/graph.helper.js:145:19)
      at Object.<anonymous> 
(src/services/chatbot.service.js:6:46)
      at Object.require 
(src/controllers/chatbot.controller.js:2:1)
      at Object.require 
(src/routes/chatbot.router.js:2:1)
      at Object.require (src/app.create.js:15:1)
      at require 
(tests/integration/auth.router.memory.test.js:15:27)
      at Object.<anonymous> 
(tests/integration/auth.router.memory.test.js:15:27)

FAIL tests/integration/auth.rbac.routes.test.js
  ΓùÅ route RBAC integration ΓÇ║ GET /admin/metrics 
blocks user role

    TypeError: (intermediate value).bindTools is not a 
function

    [0m [90m 64 |[39m         temperature[33m:[39m 
[35m0.5[39m[33m,[39m
     [90m 65 |[39m         maxTokens[33m:[39m 
[35m512[39m[33m,[39m
    [31m[1m>[22m[39m[90m 66 |[39m     
})[33m.[39mbindTools([productSearchTool])[33m;[39m
     [90m    |[39m        [31m[1m^[22m[39m
     [90m 67 |[39m }[33m;[39m
     [90m 68 |[39m
     [90m 69 |[39m [90m// 
==========================================[39m[0m

      at bindTools (src/helpers/graph.helper.js:66:8)
      at initializeModel 
(src/helpers/graph.helper.js:145:19)
      at Object.<anonymous> 
(src/services/chatbot.service.js:6:46)
      at Object.require 
(src/controllers/chatbot.controller.js:2:1)
      at Object.require 
(src/routes/chatbot.router.js:2:1)
      at Object.require (src/app.create.js:15:1)
      at require 
(tests/integration/auth.rbac.routes.test.js:16:27)
      at Object.<anonymous> 
(tests/integration/auth.rbac.routes.test.js:16:27)

  ΓùÅ route RBAC integration ΓÇ║ GET /manager/d blocks 
user role

    TypeError: (intermediate value).bindTools is not a 
function

    [0m [90m 64 |[39m         temperature[33m:[39m 
[35m0.5[39m[33m,[39m
     [90m 65 |[39m         maxTokens[33m:[39m 
[35m512[39m[33m,[39m
    [31m[1m>[22m[39m[90m 66 |[39m     
})[33m.[39mbindTools([productSearchTool])[33m;[39m
     [90m    |[39m        [31m[1m^[22m[39m
     [90m 67 |[39m }[33m;[39m
     [90m 68 |[39m
     [90m 69 |[39m [90m// 
==========================================[39m[0m

      at bindTools (src/helpers/graph.helper.js:66:8)
      at initializeModel 
(src/helpers/graph.helper.js:145:19)
      at Object.<anonymous> 
(src/services/chatbot.service.js:6:46)
      at Object.require 
(src/controllers/chatbot.controller.js:2:1)
      at Object.require 
(src/routes/chatbot.router.js:2:1)
      at Object.require (src/app.create.js:15:1)
      at require 
(tests/integration/auth.rbac.routes.test.js:16:27)
      at Object.<anonymous> 
(tests/integration/auth.rbac.routes.test.js:16:27)

  ΓùÅ route RBAC integration ΓÇ║ GET /user/wishlist 
blocks admin role

    TypeError: (intermediate value).bindTools is not a 
function

    [0m [90m 64 |[39m         temperature[33m:[39m 
[35m0.5[39m[33m,[39m
     [90m 65 |[39m         maxTokens[33m:[39m 
[35m512[39m[33m,[39m
    [31m[1m>[22m[39m[90m 66 |[39m     
})[33m.[39mbindTools([productSearchTool])[33m;[39m
     [90m    |[39m        [31m[1m^[22m[39m
     [90m 67 |[39m }[33m;[39m
     [90m 68 |[39m
     [90m 69 |[39m [90m// 
==========================================[39m[0m

      at bindTools (src/helpers/graph.helper.js:66:8)
      at initializeModel 
(src/helpers/graph.helper.js:145:19)
      at Object.<anonymous> 
(src/services/chatbot.service.js:6:46)
      at Object.require 
(src/controllers/chatbot.controller.js:2:1)
      at Object.require 
(src/routes/chatbot.router.js:2:1)
      at Object.require (src/app.create.js:15:1)
      at require 
(tests/integration/auth.rbac.routes.test.js:16:27)
      at Object.<anonymous> 
(tests/integration/auth.rbac.routes.test.js:16:27)

  ΓùÅ route RBAC integration ΓÇ║ GET /admin/metrics 
requires token

    TypeError: (intermediate value).bindTools is not a 
function

    [0m [90m 64 |[39m         temperature[33m:[39m 
[35m0.5[39m[33m,[39m
     [90m 65 |[39m         maxTokens[33m:[39m 
[35m512[39m[33m,[39m
    [31m[1m>[22m[39m[90m 66 |[39m     
})[33m.[39mbindTools([productSearchTool])[33m;[39m
     [90m    |[39m        [31m[1m^[22m[39m
     [90m 67 |[39m }[33m;[39m
     [90m 68 |[39m
     [90m 69 |[39m [90m// 
==========================================[39m[0m

      at bindTools (src/helpers/graph.helper.js:66:8)
      at initializeModel 
(src/helpers/graph.helper.js:145:19)
      at Object.<anonymous> 
(src/services/chatbot.service.js:6:46)
      at Object.require 
(src/controllers/chatbot.controller.js:2:1)
      at Object.require 
(src/routes/chatbot.router.js:2:1)
      at Object.require (src/app.create.js:15:1)
      at require 
(tests/integration/auth.rbac.routes.test.js:16:27)
      at Object.<anonymous> 
(tests/integration/auth.rbac.routes.test.js:16:27)

  ΓùÅ route RBAC integration ΓÇ║ GET /manager/d rejects 
invalid token

    TypeError: (intermediate value).bindTools is not a 
function

    [0m [90m 64 |[39m         temperature[33m:[39m 
[35m0.5[39m[33m,[39m
     [90m 65 |[39m         maxTokens[33m:[39m 
[35m512[39m[33m,[39m
    [31m[1m>[22m[39m[90m 66 |[39m     
})[33m.[39mbindTools([productSearchTool])[33m;[39m
     [90m    |[39m        [31m[1m^[22m[39m
     [90m 67 |[39m }[33m;[39m
     [90m 68 |[39m
     [90m 69 |[39m [90m// 
==========================================[39m[0m

      at bindTools (src/helpers/graph.helper.js:66:8)
      at initializeModel 
(src/helpers/graph.helper.js:145:19)
      at Object.<anonymous> 
(src/services/chatbot.service.js:6:46)
      at Object.require 
(src/controllers/chatbot.controller.js:2:1)
      at Object.require 
(src/routes/chatbot.router.js:2:1)
      at Object.require (src/app.create.js:15:1)
      at require 
(tests/integration/auth.rbac.routes.test.js:16:27)
      at Object.<anonymous> 
(tests/integration/auth.rbac.routes.test.js:16:27)

  ΓùÅ route RBAC integration ΓÇ║ GET /auth/me requires 
token

    TypeError: (intermediate value).bindTools is not a 
function

    [0m [90m 64 |[39m         temperature[33m:[39m 
[35m0.5[39m[33m,[39m
     [90m 65 |[39m         maxTokens[33m:[39m 
[35m512[39m[33m,[39m
    [31m[1m>[22m[39m[90m 66 |[39m     
})[33m.[39mbindTools([productSearchTool])[33m;[39m
     [90m    |[39m        [31m[1m^[22m[39m
     [90m 67 |[39m }[33m;[39m
     [90m 68 |[39m
     [90m 69 |[39m [90m// 
==========================================[39m[0m

      at bindTools (src/helpers/graph.helper.js:66:8)
      at initializeModel 
(src/helpers/graph.helper.js:145:19)
      at Object.<anonymous> 
(src/services/chatbot.service.js:6:46)
      at Object.require 
(src/controllers/chatbot.controller.js:2:1)
      at Object.require 
(src/routes/chatbot.router.js:2:1)
      at Object.require (src/app.create.js:15:1)
      at require 
(tests/integration/auth.rbac.routes.test.js:16:27)
      at Object.<anonymous> 
(tests/integration/auth.rbac.routes.test.js:16:27)

FAIL tests/integration/route.auth-validation.integration.
test.js
  ΓùÅ route auth and validation integration ΓÇ║ GET 
/chat/contacts returns 403 when token missing

    TypeError: (intermediate value).bindTools is not a 
function

    [0m [90m 64 |[39m         temperature[33m:[39m 
[35m0.5[39m[33m,[39m
     [90m 65 |[39m         maxTokens[33m:[39m 
[35m512[39m[33m,[39m
    [31m[1m>[22m[39m[90m 66 |[39m     
})[33m.[39mbindTools([productSearchTool])[33m;[39m
     [90m    |[39m        [31m[1m^[22m[39m
     [90m 67 |[39m }[33m;[39m
     [90m 68 |[39m
     [90m 69 |[39m [90m// 
==========================================[39m[0m

      at bindTools (src/helpers/graph.helper.js:66:8)
      at initializeModel 
(src/helpers/graph.helper.js:145:19)
      at Object.<anonymous> 
(src/services/chatbot.service.js:6:46)
      at Object.require 
(src/controllers/chatbot.controller.js:2:1)
      at Object.require 
(src/routes/chatbot.router.js:2:1)
      at Object.require (src/app.create.js:15:1)
      at require (tests/integration/route.auth-validation
.integration.test.js:17:27)
      at Object.<anonymous> (tests/integration/route.auth
-validation.integration.test.js:17:27)

  ΓùÅ route auth and validation integration ΓÇ║ GET 
/chat/contacts returns 403 for invalid token

    TypeError: (intermediate value).bindTools is not a 
function

    [0m [90m 64 |[39m         temperature[33m:[39m 
[35m0.5[39m[33m,[39m
     [90m 65 |[39m         maxTokens[33m:[39m 
[35m512[39m[33m,[39m
    [31m[1m>[22m[39m[90m 66 |[39m     
})[33m.[39mbindTools([productSearchTool])[33m;[39m
     [90m    |[39m        [31m[1m^[22m[39m
     [90m 67 |[39m }[33m;[39m
     [90m 68 |[39m
     [90m 69 |[39m [90m// 
==========================================[39m[0m

      at bindTools (src/helpers/graph.helper.js:66:8)
      at initializeModel 
(src/helpers/graph.helper.js:145:19)
      at Object.<anonymous> 
(src/services/chatbot.service.js:6:46)
      at Object.require 
(src/controllers/chatbot.controller.js:2:1)
      at Object.require 
(src/routes/chatbot.router.js:2:1)
      at Object.require (src/app.create.js:15:1)
      at require (tests/integration/route.auth-validation
.integration.test.js:17:27)
      at Object.<anonymous> (tests/integration/route.auth
-validation.integration.test.js:17:27)

  ΓùÅ route auth and validation integration ΓÇ║ POST 
/chatbot/chat returns 400 for empty message

    TypeError: (intermediate value).bindTools is not a 
function

    [0m [90m 64 |[39m         temperature[33m:[39m 
[35m0.5[39m[33m,[39m
     [90m 65 |[39m         maxTokens[33m:[39m 
[35m512[39m[33m,[39m
    [31m[1m>[22m[39m[90m 66 |[39m     
})[33m.[39mbindTools([productSearchTool])[33m;[39m
     [90m    |[39m        [31m[1m^[22m[39m
     [90m 67 |[39m }[33m;[39m
     [90m 68 |[39m
     [90m 69 |[39m [90m// 
==========================================[39m[0m

      at bindTools (src/helpers/graph.helper.js:66:8)
      at initializeModel 
(src/helpers/graph.helper.js:145:19)
      at Object.<anonymous> 
(src/services/chatbot.service.js:6:46)
      at Object.require 
(src/controllers/chatbot.controller.js:2:1)
      at Object.require 
(src/routes/chatbot.router.js:2:1)
      at Object.require (src/app.create.js:15:1)
      at require (tests/integration/route.auth-validation
.integration.test.js:17:27)
      at Object.<anonymous> (tests/integration/route.auth
-validation.integration.test.js:17:27)

  ΓùÅ route auth and validation integration ΓÇ║ POST 
/chatbot/chat/end returns 400 when thread_id missing

    TypeError: (intermediate value).bindTools is not a 
function

    [0m [90m 64 |[39m         temperature[33m:[39m 
[35m0.5[39m[33m,[39m
     [90m 65 |[39m         maxTokens[33m:[39m 
[35m512[39m[33m,[39m
    [31m[1m>[22m[39m[90m 66 |[39m     
})[33m.[39mbindTools([productSearchTool])[33m;[39m
     [90m    |[39m        [31m[1m^[22m[39m
     [90m 67 |[39m }[33m;[39m
     [90m 68 |[39m
     [90m 69 |[39m [90m// 
==========================================[39m[0m

      at bindTools (src/helpers/graph.helper.js:66:8)
      at initializeModel 
(src/helpers/graph.helper.js:145:19)
      at Object.<anonymous> 
(src/services/chatbot.service.js:6:46)
      at Object.require 
(src/controllers/chatbot.controller.js:2:1)
      at Object.require 
(src/routes/chatbot.router.js:2:1)
      at Object.require (src/app.create.js:15:1)
      at require (tests/integration/route.auth-validation
.integration.test.js:17:27)
      at Object.<anonymous> (tests/integration/route.auth
-validation.integration.test.js:17:27)

  ΓùÅ route auth and validation integration ΓÇ║ POST 
/manager/complaints/:id/resolve-escrow returns 400 when 
actionType missing

    TypeError: (intermediate value).bindTools is not a 
function

    [0m [90m 64 |[39m         temperature[33m:[39m 
[35m0.5[39m[33m,[39m
     [90m 65 |[39m         maxTokens[33m:[39m 
[35m512[39m[33m,[39m
    [31m[1m>[22m[39m[90m 66 |[39m     
})[33m.[39mbindTools([productSearchTool])[33m;[39m
     [90m    |[39m        [31m[1m^[22m[39m
     [90m 67 |[39m }[33m;[39m
     [90m 68 |[39m
     [90m 69 |[39m [90m// 
==========================================[39m[0m

      at bindTools (src/helpers/graph.helper.js:66:8)
      at initializeModel 
(src/helpers/graph.helper.js:145:19)
      at Object.<anonymous> 
(src/services/chatbot.service.js:6:46)
      at Object.require 
(src/controllers/chatbot.controller.js:2:1)
      at Object.require 
(src/routes/chatbot.router.js:2:1)
      at Object.require (src/app.create.js:15:1)
      at require (tests/integration/route.auth-validation
.integration.test.js:17:27)
      at Object.<anonymous> (tests/integration/route.auth
-validation.integration.test.js:17:27)


Test Suites: 4 failed, 25 passed, 29 total
Tests:       18 failed, 180 passed, 198 total
Snapshots:   0 total
Time:        9.154 s, estimated 10 s
Ran all test suites.
