node.exe : (node:16644) ExperimentalWarning: CommonJS 
module C:\Program Files\nodejs\node_modules\npm\node_modu
les\debug\src\node.js is loading ES Module C:\Program Fil
es\nodejs\node_modules\npm\node_modules\supports-color\in
dex.js using require().
At C:\Program Files\nodejs\npx.ps1:29 char:3
+   & $NODE_EXE $NPX_CLI_JS $args
+   ~~~~~~~~~~~~~~~~~~~~~~~~~~~~~
    + CategoryInfo          : NotSpecified: ((node:16644 
   ) Ex...sing require().:String) [], RemoteException
    + FullyQualifiedErrorId : NativeCommandError
 
Support for loading ES Module in require() is an 
experimental feature and might change at any time
(Use `node --trace-warnings ...` to show where the 
warning was created)
FAIL tests/unit/seller.service.test.js
  ΓùÅ Console

    console.log
      Error: db down
          at Object.<anonymous> (D:\Sem 6\AdVantage\backe
nd\tests\unit\seller.service.test.js:363:42)
          at Promise.finally.completed (D:\Sem 6\AdVantag
e\backend\node_modules\jest-circus\build\jestAdapterInit.
js:1557:28)
          at new Promise (<anonymous>)
          at callAsyncCircusFn (D:\Sem 6\AdVantage\backen
d\node_modules\jest-circus\build\jestAdapterInit.js:1497:
10)
          at _callCircusTest (D:\Sem 6\AdVantage\backend\
node_modules\jest-circus\build\jestAdapterInit.js:1007:40
)
          at processTicksAndRejections 
(node:internal/process/task_queues:105:5)
          at _runTest (D:\Sem 6\AdVantage\backend\node_mo
dules\jest-circus\build\jestAdapterInit.js:947:3)
          at D:\Sem 6\AdVantage\backend\node_modules\jest
-circus\build\jestAdapterInit.js:849:7
          at _runTestsForDescribeBlock (D:\Sem 6\AdVantag
e\backend\node_modules\jest-circus\build\jestAdapterInit.
js:862:11)
          at _runTestsForDescribeBlock (D:\Sem 6\AdVantag
e\backend\node_modules\jest-circus\build\jestAdapterInit.
js:857:11)
          at run (D:\Sem 6\AdVantage\backend\node_modules
\jest-circus\build\jestAdapterInit.js:761:3)
          at runAndTransformResultsToJestFormat (D:\Sem 6
\AdVantage\backend\node_modules\jest-circus\build\jestAda
pterInit.js:1918:21)
          at jestAdapter (D:\Sem 6\AdVantage\backend\node
_modules\jest-circus\build\runner.js:101:19)
          at runTestInternal (D:\Sem 6\AdVantage\backend\
node_modules\jest-runner\build\index.js:275:16)
          at runTest (D:\Sem 6\AdVantage\backend\node_mod
ules\jest-runner\build\index.js:343:7)

      at log (src/services/seller.service.js:995:17)

  ΓùÅ seller.service ΓÇ║ revokeAcceptedRequestService 
sends notification on success

    TypeError: Cannot read properties of undefined 
(reading 'seller')

    [0m [90m 616 |[39m     [36mconst[39m product 
[33m=[39m [36mawait[39m 
getProductById(productId)[33m;[39m
     [90m 617 |[39m
    [31m[1m>[22m[39m[90m 618 |[39m     
[36mawait[39m 
invalidateProductCaches(productId[33m,[39m 
product[33m.[39mseller[33m.[39m_id)[33m;[39m
     [90m     |[39m                                    
                  [31m[1m^[22m[39m
     [90m 619 |[39m
     [90m 620 |[39m     
     [90m 621 |[39m     [36mif[39m 
([33m![39mresult[33m.[39msuccess) {[0m

      at seller (src/services/seller.service.js:618:54)
      at Object.<anonymous> 
(tests/unit/seller.service.test.js:159:20)

PASS tests/unit/seller.payout.service.test.js

  ΓùÅ  Cannot log after tests are done. Did you forget 
to wait for something async in your test?
    Attempted to log "[Cache] Redis connected".

    [0m [90m 15 |[39m [36mlet[39m isReady 
[33m=[39m [36mfalse[39m[33m;[39m
     [90m 16 |[39m
    [31m[1m>[22m[39m[90m 17 |[39m 
redis[33m.[39mon([32m'connect'[39m[33m,[39m () 
[33m=>[39m console[33m.[39mlog([32m'[Cache] Redis 
connected'[39m))[33m;[39m
     [90m    |[39m                                   
[31m[1m^[22m[39m
     [90m 18 |[39m 
redis[33m.[39mon([32m'ready'[39m[33m,[39m   () 
[33m=>[39m { isReady [33m=[39m 
[36mtrue[39m[33m;[39m  
console[33m.[39mlog([32m'[Cache] Redis 
ready'[39m)[33m;[39m })[33m;[39m
     [90m 19 |[39m 
redis[33m.[39mon([32m'error'[39m[33m,[39m   (err) 
[33m=>[39m console[33m.[39merror([32m'[Cache] Redis 
error:'[39m[33m,[39m 
err[33m.[39mmessage))[33m;[39m
     [90m 20 |[39m 
redis[33m.[39mon([32m'close'[39m[33m,[39m   () 
[33m=>[39m { isReady [33m=[39m 
[36mfalse[39m[33m;[39m })[33m;[39m[0m

      at console.log 
(node_modules/@jest/console/build/index.js:147:10)
      at EventEmitter.log 
(src/config/cache.config.js:17:35)


  ΓùÅ  Cannot log after tests are done. Did you forget 
to wait for something async in your test?
    Attempted to log "[Cache] Redis connected".

    [0m [90m 15 |[39m [36mlet[39m isReady 
[33m=[39m [36mfalse[39m[33m;[39m
     [90m 16 |[39m
    [31m[1m>[22m[39m[90m 17 |[39m 
redis[33m.[39mon([32m'connect'[39m[33m,[39m () 
[33m=>[39m console[33m.[39mlog([32m'[Cache] Redis 
connected'[39m))[33m;[39m
     [90m    |[39m                                   
[31m[1m^[22m[39m
     [90m 18 |[39m 
redis[33m.[39mon([32m'ready'[39m[33m,[39m   () 
[33m=>[39m { isReady [33m=[39m 
[36mtrue[39m[33m;[39m  
console[33m.[39mlog([32m'[Cache] Redis 
ready'[39m)[33m;[39m })[33m;[39m
     [90m 19 |[39m 
redis[33m.[39mon([32m'error'[39m[33m,[39m   (err) 
[33m=>[39m console[33m.[39merror([32m'[Cache] Redis 
error:'[39m[33m,[39m 
err[33m.[39mmessage))[33m;[39m
     [90m 20 |[39m 
redis[33m.[39mon([32m'close'[39m[33m,[39m   () 
[33m=>[39m { isReady [33m=[39m 
[36mfalse[39m[33m;[39m })[33m;[39m[0m

      at console.log 
(node_modules/@jest/console/build/index.js:147:10)
      at EventEmitter.log 
(src/config/cache.config.js:17:35)

FAIL tests/unit/manager.service.test.js
  ΓùÅ manager.service ΓÇ║ verifyProduct verifies and 
emits notification

    TypeError: Cannot read properties of undefined 
(reading '_id')

    [0m [90m 81 |[39m
     [90m 82 |[39m     [90m// Product is now verified 
ΓÇö it may now appear on homepage / detail pages[39m
    [31m[1m>[22m[39m[90m 83 |[39m     
[36mawait[39m 
invalidateProductCaches(productId[33m,[39m 
product[33m.[39mseller[33m.[39m_id [33m||[39m 
product[33m.[39mseller)[33m;[39m
     [90m    |[39m                                     
                        [31m[1m^[22m[39m
     [90m 84 |[39m     [36mawait[39m 
invalidateAdminCaches()[33m;[39m
     [90m 85 |[39m
     [90m 86 |[39m     [36mawait[39m 
createProductVerifiedNotification([0m

      at _id (src/services/manager.service.js:83:61)
      at Object.<anonymous> 
(tests/unit/manager.service.test.js:79:20)


  ΓùÅ  Cannot log after tests are done. Did you forget 
to wait for something async in your test?
    Attempted to log "[Cache] Redis connected".

    [0m [90m 15 |[39m [36mlet[39m isReady 
[33m=[39m [36mfalse[39m[33m;[39m
     [90m 16 |[39m
    [31m[1m>[22m[39m[90m 17 |[39m 
redis[33m.[39mon([32m'connect'[39m[33m,[39m () 
[33m=>[39m console[33m.[39mlog([32m'[Cache] Redis 
connected'[39m))[33m;[39m
     [90m    |[39m                                   
[31m[1m^[22m[39m
     [90m 18 |[39m 
redis[33m.[39mon([32m'ready'[39m[33m,[39m   () 
[33m=>[39m { isReady [33m=[39m 
[36mtrue[39m[33m;[39m  
console[33m.[39mlog([32m'[Cache] Redis 
ready'[39m)[33m;[39m })[33m;[39m
     [90m 19 |[39m 
redis[33m.[39mon([32m'error'[39m[33m,[39m   (err) 
[33m=>[39m console[33m.[39merror([32m'[Cache] Redis 
error:'[39m[33m,[39m 
err[33m.[39mmessage))[33m;[39m
     [90m 20 |[39m 
redis[33m.[39mon([32m'close'[39m[33m,[39m   () 
[33m=>[39m { isReady [33m=[39m 
[36mfalse[39m[33m;[39m })[33m;[39m[0m

      at console.log 
(node_modules/@jest/console/build/index.js:147:10)
      at EventEmitter.log 
(src/config/cache.config.js:17:35)

PASS tests/unit/admin.service.test.js

  ΓùÅ  Cannot log after tests are done. Did you forget 
to wait for something async in your test?
    Attempted to log "[Cache] Redis connected".

    [0m [90m 15 |[39m [36mlet[39m isReady 
[33m=[39m [36mfalse[39m[33m;[39m
     [90m 16 |[39m
    [31m[1m>[22m[39m[90m 17 |[39m 
redis[33m.[39mon([32m'connect'[39m[33m,[39m () 
[33m=>[39m console[33m.[39mlog([32m'[Cache] Redis 
connected'[39m))[33m;[39m
     [90m    |[39m                                   
[31m[1m^[22m[39m
     [90m 18 |[39m 
redis[33m.[39mon([32m'ready'[39m[33m,[39m   () 
[33m=>[39m { isReady [33m=[39m 
[36mtrue[39m[33m;[39m  
console[33m.[39mlog([32m'[Cache] Redis 
ready'[39m)[33m;[39m })[33m;[39m
     [90m 19 |[39m 
redis[33m.[39mon([32m'error'[39m[33m,[39m   (err) 
[33m=>[39m console[33m.[39merror([32m'[Cache] Redis 
error:'[39m[33m,[39m 
err[33m.[39mmessage))[33m;[39m
     [90m 20 |[39m 
redis[33m.[39mon([32m'close'[39m[33m,[39m   () 
[33m=>[39m { isReady [33m=[39m 
[36mfalse[39m[33m;[39m })[33m;[39m[0m

      at console.log 
(node_modules/@jest/console/build/index.js:147:10)
      at EventEmitter.log 
(src/config/cache.config.js:17:35)

FAIL tests/unit/buyer.service.test.js
  ΓùÅ buyer.service ΓÇ║ verifyPaymentService releases 
hold when signature invalid

    TypeError: (0 , _productsDao.getProductById) is not 
a function

    [0m [90m 335 |[39m             [36mawait[39m rel
easeProductPaymentHoldDao(currentOrder[33m.[39mproductI
d[33m,[39m currentOrder[33m.[39mbuyerId)[33m;[39m
     [90m 336 |[39m
    [31m[1m>[22m[39m[90m 337 |[39m             
[36mconst[39m product [33m=[39m [36mawait[39m getPr
oductById(currentOrder[33m.[39mproductId)[33m;[39m
     [90m     |[39m                                    
             [31m[1m^[22m[39m
     [90m 338 |[39m             [90m// Payment failed 
ΓÇö seller products cache is stale (hold released)[39m
     [90m 339 |[39m             [36mawait[39m cacheDe
l([33mKEYS[39m[33m.[39msellerProducts(product[33m.[
39mseller[33m.[39m_id))[33m;[39m
     [90m 340 |[39m         }[0m

      at verifyPaymentService 
(src/services/buyer.service.js:337:49)
      at Object.<anonymous> 
(tests/unit/buyer.service.test.js:124:20)

  ΓùÅ buyer.service ΓÇ║ notInterestedService creates 
seller 20% refund payout when stake exists

    TypeError: (0 , _productsDao.getProductById) is not 
a function

    [0m [90m 373 |[39m     [36mconst[39m result 
[33m=[39m [36mawait[39m 
notInterestedDao(buyerId[33m,[39m productId)[33m;[39m
     [90m 374 |[39m
    [31m[1m>[22m[39m[90m 375 |[39m     
[36mconst[39m product [33m=[39m [36mawait[39m 
getProductById(productId)[33m;[39m
     [90m     |[39m                                    
     [31m[1m^[22m[39m
     [90m 376 |[39m
     [90m 377 |[39m     [90m// Buyer withdrew 
interest ΓÇö invalidate seller products + product detail 
+ homepage[39m
     [90m 378 |[39m     [36mawait[39m 
invalidateProductCaches(productId[33m,[39m 
product[33m.[39mseller[33m.[39m_id)[33m;[39m[0m

      at notInterestedService 
(src/services/buyer.service.js:375:41)
      at Object.<anonymous> 
(tests/unit/buyer.service.test.js:155:20)

  ΓùÅ buyer.service ΓÇ║ notInterestedService skips 
payout when no locked stake

    TypeError: (0 , _productsDao.getProductById) is not 
a function

    [0m [90m 373 |[39m     [36mconst[39m result 
[33m=[39m [36mawait[39m 
notInterestedDao(buyerId[33m,[39m productId)[33m;[39m
     [90m 374 |[39m
    [31m[1m>[22m[39m[90m 375 |[39m     
[36mconst[39m product [33m=[39m [36mawait[39m 
getProductById(productId)[33m;[39m
     [90m     |[39m                                    
     [31m[1m^[22m[39m
     [90m 376 |[39m
     [90m 377 |[39m     [90m// Buyer withdrew 
interest ΓÇö invalidate seller products + product detail 
+ homepage[39m
     [90m 378 |[39m     [36mawait[39m 
invalidateProductCaches(productId[33m,[39m 
product[33m.[39mseller[33m.[39m_id)[33m;[39m[0m

      at notInterestedService 
(src/services/buyer.service.js:375:41)
      at Object.<anonymous> 
(tests/unit/buyer.service.test.js:174:20)


  ΓùÅ  Cannot log after tests are done. Did you forget 
to wait for something async in your test?
    Attempted to log "[Cache] Redis connected".

    [0m [90m 15 |[39m [36mlet[39m isReady 
[33m=[39m [36mfalse[39m[33m;[39m
     [90m 16 |[39m
    [31m[1m>[22m[39m[90m 17 |[39m 
redis[33m.[39mon([32m'connect'[39m[33m,[39m () 
[33m=>[39m console[33m.[39mlog([32m'[Cache] Redis 
connected'[39m))[33m;[39m
     [90m    |[39m                                   
[31m[1m^[22m[39m
     [90m 18 |[39m 
redis[33m.[39mon([32m'ready'[39m[33m,[39m   () 
[33m=>[39m { isReady [33m=[39m 
[36mtrue[39m[33m;[39m  
console[33m.[39mlog([32m'[Cache] Redis 
ready'[39m)[33m;[39m })[33m;[39m
     [90m 19 |[39m 
redis[33m.[39mon([32m'error'[39m[33m,[39m   (err) 
[33m=>[39m console[33m.[39merror([32m'[Cache] Redis 
error:'[39m[33m,[39m 
err[33m.[39mmessage))[33m;[39m
     [90m 20 |[39m 
redis[33m.[39mon([32m'close'[39m[33m,[39m   () 
[33m=>[39m { isReady [33m=[39m 
[36mfalse[39m[33m;[39m })[33m;[39m[0m

      at console.log 
(node_modules/@jest/console/build/index.js:147:10)
      at EventEmitter.log 
(src/config/cache.config.js:17:35)

PASS tests/unit/auth.service.test.js
  ΓùÅ Console

    console.log
      buyer in loginServ:  null

      at log (src/services/auth.service.js:210:13)

    console.log
      buyer in loginServ:  { _id: 'u1', password: 
'right' }

      at log (src/services/auth.service.js:210:13)

    console.log
      buyer in loginServ:  { _id: 'u1', email: 
'u@test.com', password: 'pass' }

      at log (src/services/auth.service.js:210:13)

    console.log
      Log with admin , { _id: 'a1', password: 'right' } 
admin@test.com wrong

      at log (src/services/auth.service.js:281:13)

    console.log
      Log with admin , { _id: 'a1', email: 
'admin@test.com', password: 'pass' } admin@test.com pass

      at log (src/services/auth.service.js:281:13)

    console.log
      null

      at log (src/services/auth.service.js:307:13)

    console.log
      {
        _id: 'm1',
        email: 'manager@test.com',
        password: 'pass',
        category: 'Electronics'
      }

      at log (src/services/auth.service.js:307:13)

    console.log
      new log

      at log (src/services/auth.service.js:77:17)

    console.log
      logging with user meail and email also undefined

      at log (src/services/auth.service.js:78:17)

    console.log
      email to send to: u@test.com

      at log (src/services/auth.service.js:79:17)

    console.error
      MailService error: Error: smtp down
          at Object.<anonymous> (D:\Sem 6\AdVantage\backe
nd\tests\unit\auth.service.test.js:194:45)
          at Promise.finally.completed (D:\Sem 6\AdVantag
e\backend\node_modules\jest-circus\build\jestAdapterInit.
js:1557:28)
          at new Promise (<anonymous>)
          at callAsyncCircusFn (D:\Sem 6\AdVantage\backen
d\node_modules\jest-circus\build\jestAdapterInit.js:1497:
10)
          at _callCircusTest (D:\Sem 6\AdVantage\backend\
node_modules\jest-circus\build\jestAdapterInit.js:1007:40
)
          at _runTest (D:\Sem 6\AdVantage\backend\node_mo
dules\jest-circus\build\jestAdapterInit.js:947:3)
          at D:\Sem 6\AdVantage\backend\node_modules\jest
-circus\build\jestAdapterInit.js:849:7
          at _runTestsForDescribeBlock (D:\Sem 6\AdVantag
e\backend\node_modules\jest-circus\build\jestAdapterInit.
js:862:11)
          at _runTestsForDescribeBlock (D:\Sem 6\AdVantag
e\backend\node_modules\jest-circus\build\jestAdapterInit.
js:857:11)
          at run (D:\Sem 6\AdVantage\backend\node_modules
\jest-circus\build\jestAdapterInit.js:761:3)
          at runAndTransformResultsToJestFormat (D:\Sem 6
\AdVantage\backend\node_modules\jest-circus\build\jestAda
pterInit.js:1918:21)
          at jestAdapter (D:\Sem 6\AdVantage\backend\node
_modules\jest-circus\build\runner.js:101:19)
          at runTestInternal (D:\Sem 6\AdVantage\backend\
node_modules\jest-runner\build\index.js:275:16)
          at runTest (D:\Sem 6\AdVantage\backend\node_mod
ules\jest-runner\build\index.js:343:7)

    [0m [90m 88 |[39m         
     [90m 89 |[39m     } [36mcatch[39m (error) {
    [31m[1m>[22m[39m[90m 90 |[39m         
console[33m.[39merror([32m'MailService 
error:'[39m[33m,[39m error)[33m;[39m
     [90m    |[39m                 [31m[1m^[22m[39m
     [90m 91 |[39m         [36mthrow[39m 
[36mnew[39m [33mError[39m([32m'Failed to send 
verification email'[39m)[33m;[39m
     [90m 92 |[39m     }
     [90m 93 |[39m }[33m;[39m[0m

      at error (src/services/auth.service.js:90:17)
      at Object.<anonymous> 
(tests/unit/auth.service.test.js:197:5)

    console.log
      new log

      at log (src/services/auth.service.js:77:17)

    console.log
      logging with user meail and email also undefined

      at log (src/services/auth.service.js:78:17)

    console.log
      email to send to: u@test.com

      at log (src/services/auth.service.js:79:17)

    console.log
      Sent mail success to  u@test.com

      at log (src/services/auth.service.js:87:17)

PASS tests/unit/payout.middleware.test.js

  ΓùÅ  Cannot log after tests are done. Did you forget 
to wait for something async in your test?
    Attempted to log "[Cache] Redis ready".

    [0m [90m 16 |[39m
     [90m 17 |[39m 
redis[33m.[39mon([32m'connect'[39m[33m,[39m () 
[33m=>[39m console[33m.[39mlog([32m'[Cache] Redis 
connected'[39m))[33m;[39m
    [31m[1m>[22m[39m[90m 18 |[39m 
redis[33m.[39mon([32m'ready'[39m[33m,[39m   () 
[33m=>[39m { isReady [33m=[39m 
[36mtrue[39m[33m;[39m  
console[33m.[39mlog([32m'[Cache] Redis 
ready'[39m)[33m;[39m })[33m;[39m
     [90m    |[39m                                     
                 [31m[1m^[22m[39m
     [90m 19 |[39m 
redis[33m.[39mon([32m'error'[39m[33m,[39m   (err) 
[33m=>[39m console[33m.[39merror([32m'[Cache] Redis 
error:'[39m[33m,[39m 
err[33m.[39mmessage))[33m;[39m
     [90m 20 |[39m 
redis[33m.[39mon([32m'close'[39m[33m,[39m   () 
[33m=>[39m { isReady [33m=[39m 
[36mfalse[39m[33m;[39m })[33m;[39m
     [90m 21 |[39m[0m

      at console.log 
(node_modules/@jest/console/build/index.js:147:10)
      at EventEmitter.log 
(src/config/cache.config.js:18:54)


  ΓùÅ  Cannot log after tests are done. Did you forget 
to wait for something async in your test?
    Attempted to log "[Cache] Redis ready".

    [0m [90m 16 |[39m
     [90m 17 |[39m 
redis[33m.[39mon([32m'connect'[39m[33m,[39m () 
[33m=>[39m console[33m.[39mlog([32m'[Cache] Redis 
connected'[39m))[33m;[39m
    [31m[1m>[22m[39m[90m 18 |[39m 
redis[33m.[39mon([32m'ready'[39m[33m,[39m   () 
[33m=>[39m { isReady [33m=[39m 
[36mtrue[39m[33m;[39m  
console[33m.[39mlog([32m'[Cache] Redis 
ready'[39m)[33m;[39m })[33m;[39m
     [90m    |[39m                                     
                 [31m[1m^[22m[39m
     [90m 19 |[39m 
redis[33m.[39mon([32m'error'[39m[33m,[39m   (err) 
[33m=>[39m console[33m.[39merror([32m'[Cache] Redis 
error:'[39m[33m,[39m 
err[33m.[39mmessage))[33m;[39m
     [90m 20 |[39m 
redis[33m.[39mon([32m'close'[39m[33m,[39m   () 
[33m=>[39m { isReady [33m=[39m 
[36mfalse[39m[33m;[39m })[33m;[39m
     [90m 21 |[39m[0m

      at console.log 
(node_modules/@jest/console/build/index.js:147:10)
      at EventEmitter.log 
(src/config/cache.config.js:18:54)


  ΓùÅ  Cannot log after tests are done. Did you forget 
to wait for something async in your test?
    Attempted to log "[Cache] Redis ready".

    [0m [90m 16 |[39m
     [90m 17 |[39m 
redis[33m.[39mon([32m'connect'[39m[33m,[39m () 
[33m=>[39m console[33m.[39mlog([32m'[Cache] Redis 
connected'[39m))[33m;[39m
    [31m[1m>[22m[39m[90m 18 |[39m 
redis[33m.[39mon([32m'ready'[39m[33m,[39m   () 
[33m=>[39m { isReady [33m=[39m 
[36mtrue[39m[33m;[39m  
console[33m.[39mlog([32m'[Cache] Redis 
ready'[39m)[33m;[39m })[33m;[39m
     [90m    |[39m                                     
                 [31m[1m^[22m[39m
     [90m 19 |[39m 
redis[33m.[39mon([32m'error'[39m[33m,[39m   (err) 
[33m=>[39m console[33m.[39merror([32m'[Cache] Redis 
error:'[39m[33m,[39m 
err[33m.[39mmessage))[33m;[39m
     [90m 20 |[39m 
redis[33m.[39mon([32m'close'[39m[33m,[39m   () 
[33m=>[39m { isReady [33m=[39m 
[36mfalse[39m[33m;[39m })[33m;[39m
     [90m 21 |[39m[0m

      at console.log 
(node_modules/@jest/console/build/index.js:147:10)
      at EventEmitter.log 
(src/config/cache.config.js:18:54)


  ΓùÅ  Cannot log after tests are done. Did you forget 
to wait for something async in your test?
    Attempted to log "[Cache] Redis ready".

    [0m [90m 16 |[39m
     [90m 17 |[39m 
redis[33m.[39mon([32m'connect'[39m[33m,[39m () 
[33m=>[39m console[33m.[39mlog([32m'[Cache] Redis 
connected'[39m))[33m;[39m
    [31m[1m>[22m[39m[90m 18 |[39m 
redis[33m.[39mon([32m'ready'[39m[33m,[39m   () 
[33m=>[39m { isReady [33m=[39m 
[36mtrue[39m[33m;[39m  
console[33m.[39mlog([32m'[Cache] Redis 
ready'[39m)[33m;[39m })[33m;[39m
     [90m    |[39m                                     
                 [31m[1m^[22m[39m
     [90m 19 |[39m 
redis[33m.[39mon([32m'error'[39m[33m,[39m   (err) 
[33m=>[39m console[33m.[39merror([32m'[Cache] Redis 
error:'[39m[33m,[39m 
err[33m.[39mmessage))[33m;[39m
     [90m 20 |[39m 
redis[33m.[39mon([32m'close'[39m[33m,[39m   () 
[33m=>[39m { isReady [33m=[39m 
[36mfalse[39m[33m;[39m })[33m;[39m
     [90m 21 |[39m[0m

      at console.log 
(node_modules/@jest/console/build/index.js:147:10)
      at EventEmitter.log 
(src/config/cache.config.js:18:54)


  ΓùÅ  Cannot log after tests are done. Did you forget 
to wait for something async in your test?
    Attempted to log "[Cache] Redis ready".

    [0m [90m 16 |[39m
     [90m 17 |[39m 
redis[33m.[39mon([32m'connect'[39m[33m,[39m () 
[33m=>[39m console[33m.[39mlog([32m'[Cache] Redis 
connected'[39m))[33m;[39m
    [31m[1m>[22m[39m[90m 18 |[39m 
redis[33m.[39mon([32m'ready'[39m[33m,[39m   () 
[33m=>[39m { isReady [33m=[39m 
[36mtrue[39m[33m;[39m  
console[33m.[39mlog([32m'[Cache] Redis 
ready'[39m)[33m;[39m })[33m;[39m
     [90m    |[39m                                     
                 [31m[1m^[22m[39m
     [90m 19 |[39m 
redis[33m.[39mon([32m'error'[39m[33m,[39m   (err) 
[33m=>[39m console[33m.[39merror([32m'[Cache] Redis 
error:'[39m[33m,[39m 
err[33m.[39mmessage))[33m;[39m
     [90m 20 |[39m 
redis[33m.[39mon([32m'close'[39m[33m,[39m   () 
[33m=>[39m { isReady [33m=[39m 
[36mfalse[39m[33m;[39m })[33m;[39m
     [90m 21 |[39m[0m

      at console.log 
(node_modules/@jest/console/build/index.js:147:10)
      at EventEmitter.log 
(src/config/cache.config.js:18:54)

PASS tests/integration/payout.routes.integration.test.js
PASS tests/unit/auth.controller.test.js
  ΓùÅ Console

    console.log
      Returning token

      at log (src/controllers/auth.controller.js:182:17)

    console.log
      response:  {
        success: true,
        status: 200,
        message: 'Email verified successfully',
        token: 'token-2',
        email: 'u@test.com',
        buyerId: 'u1'
      }

      at log (src/controllers/auth.controller.js:338:17)

PASS tests/unit/complaint.service.test.js
  ΓùÅ Console

    console.error
      Error in getProductComplaintsService: Error: db 
down
          at Object.<anonymous> (D:\Sem 6\AdVantage\backe
nd\tests\unit\complaint.service.test.js:105:50)
          at Promise.finally.completed (D:\Sem 6\AdVantag
e\backend\node_modules\jest-circus\build\jestAdapterInit.
js:1557:28)
          at new Promise (<anonymous>)
          at callAsyncCircusFn (D:\Sem 6\AdVantage\backen
d\node_modules\jest-circus\build\jestAdapterInit.js:1497:
10)
          at _callCircusTest (D:\Sem 6\AdVantage\backend\
node_modules\jest-circus\build\jestAdapterInit.js:1007:40
)
          at _runTest (D:\Sem 6\AdVantage\backend\node_mo
dules\jest-circus\build\jestAdapterInit.js:947:3)
          at D:\Sem 6\AdVantage\backend\node_modules\jest
-circus\build\jestAdapterInit.js:849:7
          at _runTestsForDescribeBlock (D:\Sem 6\AdVantag
e\backend\node_modules\jest-circus\build\jestAdapterInit.
js:862:11)
          at _runTestsForDescribeBlock (D:\Sem 6\AdVantag
e\backend\node_modules\jest-circus\build\jestAdapterInit.
js:857:11)
          at run (D:\Sem 6\AdVantage\backend\node_modules
\jest-circus\build\jestAdapterInit.js:761:3)
          at runAndTransformResultsToJestFormat (D:\Sem 6
\AdVantage\backend\node_modules\jest-circus\build\jestAda
pterInit.js:1918:21)
          at jestAdapter (D:\Sem 6\AdVantage\backend\node
_modules\jest-circus\build\runner.js:101:19)
          at runTestInternal (D:\Sem 6\AdVantage\backend\
node_modules\jest-runner\build\index.js:275:16)
          at runTest (D:\Sem 6\AdVantage\backend\node_mod
ules\jest-runner\build\index.js:343:7)

    [0m [90m 68 |[39m         }[33m;[39m
     [90m 69 |[39m     } [36mcatch[39m (error) {
    [31m[1m>[22m[39m[90m 70 |[39m         
console[33m.[39merror([32m"Error in 
getProductComplaintsService:"[39m[33m,[39m 
error)[33m;[39m
     [90m    |[39m                 [31m[1m^[22m[39m
     [90m 71 |[39m         [36mreturn[39m { 
success[33m:[39m [36mfalse[39m[33m,[39m 
status[33m:[39m [35m500[39m[33m,[39m 
message[33m:[39m [32m"Error fetching complaints"[39m 
}[33m;[39m
     [90m 72 |[39m     }
     [90m 73 |[39m }[33m;[39m[0m

      at error (src/services/complaint.service.js:70:17)
      at Object.<anonymous> 
(tests/unit/complaint.service.test.js:107:20)

PASS tests/unit/manager.controller.test.js
PASS tests/unit/chat.controller.test.js
  ΓùÅ Console

    console.log
      undefined

      at log (src/controllers/chat.controller.js:42:17)

    console.log
      hitting createcontact:  u1

      at log (src/controllers/chat.controller.js:43:17)

    console.log
      u2

      at log (src/controllers/chat.controller.js:42:17)

    console.log
      hitting createcontact:  u1

      at log (src/controllers/chat.controller.js:43:17)

    console.log
      response:  { success: true }

      at log (src/controllers/chat.controller.js:50:17)

    console.log
      hitting inboxController

      at log (src/controllers/chat.controller.js:70:17)

    console.log
      hitting inboxController

      at log (src/controllers/chat.controller.js:70:17)

PASS tests/integration/bid-payment-delivery-flow.test.js
  ΓùÅ Console

    console.log
      [Cache] Redis connected

      at EventEmitter.log 
(src/config/cache.config.js:17:35)

    console.log
      [Cache] Redis ready

      at EventEmitter.log 
(src/config/cache.config.js:18:54)

PASS tests/unit/admin.controller.test.js
  ΓùÅ Console

    console.log
      admin id :  a1

      at log (src/controllers/admin.controller.js:95:13)

    console.log
      user id :  u1

      at log (src/controllers/admin.controller.js:96:13)

PASS tests/integration/seller-cancel-flow.test.js
  ΓùÅ Console

    console.log
      [Cache] Redis connected

      at EventEmitter.log 
(src/config/cache.config.js:17:35)

    console.log
      [Cache] Redis ready

      at EventEmitter.log 
(src/config/cache.config.js:18:54)

PASS tests/integration/products.dao.memory.test.js
  ΓùÅ Console

    console.log
      [Cache] Redis connected

      at EventEmitter.log 
(src/config/cache.config.js:17:35)

    console.log
      [Cache] Redis ready

      at EventEmitter.log 
(src/config/cache.config.js:18:54)

PASS tests/unit/complaint.controller.test.js
PASS tests/unit/buyer.controller.test.js
PASS tests/integration/users.dao.memory.test.js
  ΓùÅ Console

    console.log
      [Cache] Redis connected

      at EventEmitter.log 
(src/config/cache.config.js:17:35)

    console.log
      [Cache] Redis ready

      at EventEmitter.log 
(src/config/cache.config.js:18:54)

    console.log
      {
        _id: new ObjectId('69e4db345db5b780562ed68f'),
        username: 'buyer',
        contact: '8888888888',
        email: 'buyer-wl@test.com',
        password: 'pass',
        profilePicPath: null,
        subscription: 0,
        usedPosts: 0,
        wishlistProducts: [
          {
            _id: new 
ObjectId('69e4db345db5b780562ed691'),
            name: 'Wishlist Product',
            price: 5500,
            description: 'wishlist test item',
            zipCode: '500001',
            seller: new 
ObjectId('69e4db335db5b780562ed685'),
            verified: false,
            category: 'Mobiles',
            district: 'Hyderabad',
            city: 'Hyderabad',
            state: 'Telangana',
            images: [Array],
            sellerAcceptedTo: null,
            soldTo: null,
            isRental: false,
            paymentInProgress: false,
            ollama_embeddings: [],
            postingDate: 2026-04-19T13:40:04.019Z,
            requests: [],
            __v: 0
          }
        ],
        earnings: 0,
        defaultPayoutAccountId: null,
        payoutConfiguredAt: null,
        __v: 1
      }

      at log (src/daos/users.dao.js:33:13)

    console.log
      {
        _id: new ObjectId('69e4db345db5b780562ed6a2'),
        username: 'buyer',
        contact: '8888888888',
        email: 'buyer-wl@test.com',
        password: 'pass',
        profilePicPath: null,
        subscription: 0,
        usedPosts: 0,
        wishlistProducts: [],
        earnings: 0,
        defaultPayoutAccountId: null,
        payoutConfiguredAt: null,
        __v: 2
      }

      at log (src/daos/users.dao.js:33:13)

[0mPOST /auth/admin/login [33m400[0m 6.837 ms - 63[0m
[0mPOST /auth/admin/login [32m200[0m 10.504 ms - 316[0m
[0mPOST /auth/manager/login [33m401[0m 6.368 ms - 60[0m
[0mPOST /auth/manager/login [32m200[0m 6.754 ms - 144[0m
PASS tests/integration/auth.admin-manager.memory.test.js
  ΓùÅ Console

    console.log
      [Cache] Redis connected

      at EventEmitter.log 
(src/config/cache.config.js:17:35)

    console.log
      [Cache] Redis ready

      at EventEmitter.log 
(src/config/cache.config.js:18:54)

    console.log
      Log with admin , {
        _id: new ObjectId('69e4db3625eb01d85081f14b'),
        email: 'admin@test.com',
        password: 'pass123',
        __v: 0
      } admin@test.com pass123

      at log (src/services/auth.service.js:281:13)

    console.log
      Returning token

      at log (src/controllers/auth.controller.js:182:17)

    console.log
      {
        _id: new ObjectId('69e4db3625eb01d85081f15d'),
        email: 'manager@test.com',
        password: 'pass123',
        category: 'Electronics',
        __v: 0
      }

      at log (src/services/auth.service.js:307:13)

    console.log
      {
        _id: new ObjectId('69e4db3625eb01d85081f16e'),
        email: 'manager@test.com',
        password: 'pass123',
        category: 'Electronics',
        __v: 0
      }

      at log (src/services/auth.service.js:307:13)

PASS tests/unit/anyone.service.test.js
  ΓùÅ Console

    console.log
      15

      at log (src/services/anyone.service.js:116:17)


  ΓùÅ  Cannot log after tests are done. Did you forget 
to wait for something async in your test?
    Attempted to log "[Cache] Redis connected".

    [0m [90m 15 |[39m [36mlet[39m isReady 
[33m=[39m [36mfalse[39m[33m;[39m
     [90m 16 |[39m
    [31m[1m>[22m[39m[90m 17 |[39m 
redis[33m.[39mon([32m'connect'[39m[33m,[39m () 
[33m=>[39m console[33m.[39mlog([32m'[Cache] Redis 
connected'[39m))[33m;[39m
     [90m    |[39m                                   
[31m[1m^[22m[39m
     [90m 18 |[39m 
redis[33m.[39mon([32m'ready'[39m[33m,[39m   () 
[33m=>[39m { isReady [33m=[39m 
[36mtrue[39m[33m;[39m  
console[33m.[39mlog([32m'[Cache] Redis 
ready'[39m)[33m;[39m })[33m;[39m
     [90m 19 |[39m 
redis[33m.[39mon([32m'error'[39m[33m,[39m   (err) 
[33m=>[39m console[33m.[39merror([32m'[Cache] Redis 
error:'[39m[33m,[39m 
err[33m.[39mmessage))[33m;[39m
     [90m 20 |[39m 
redis[33m.[39mon([32m'close'[39m[33m,[39m   () 
[33m=>[39m { isReady [33m=[39m 
[36mfalse[39m[33m;[39m })[33m;[39m[0m

      at console.log 
(node_modules/@jest/console/build/index.js:147:10)
      at EventEmitter.log 
(src/config/cache.config.js:17:35)


  ΓùÅ  Cannot log after tests are done. Did you forget 
to wait for something async in your test?
    Attempted to log "[Cache] Redis ready".

    [0m [90m 16 |[39m
     [90m 17 |[39m 
redis[33m.[39mon([32m'connect'[39m[33m,[39m () 
[33m=>[39m console[33m.[39mlog([32m'[Cache] Redis 
connected'[39m))[33m;[39m
    [31m[1m>[22m[39m[90m 18 |[39m 
redis[33m.[39mon([32m'ready'[39m[33m,[39m   () 
[33m=>[39m { isReady [33m=[39m 
[36mtrue[39m[33m;[39m  
console[33m.[39mlog([32m'[Cache] Redis 
ready'[39m)[33m;[39m })[33m;[39m
     [90m    |[39m                                     
                 [31m[1m^[22m[39m
     [90m 19 |[39m 
redis[33m.[39mon([32m'error'[39m[33m,[39m   (err) 
[33m=>[39m console[33m.[39merror([32m'[Cache] Redis 
error:'[39m[33m,[39m 
err[33m.[39mmessage))[33m;[39m
     [90m 20 |[39m 
redis[33m.[39mon([32m'close'[39m[33m,[39m   () 
[33m=>[39m { isReady [33m=[39m 
[36mfalse[39m[33m;[39m })[33m;[39m
     [90m 21 |[39m[0m

      at console.log 
(node_modules/@jest/console/build/index.js:147:10)
      at EventEmitter.log 
(src/config/cache.config.js:18:54)

PASS tests/integration/auth.rbac.routes.test.js
  ΓùÅ Console

    console.log
      [Cache] Redis connected

      at EventEmitter.log 
(src/config/cache.config.js:17:35)

    console.log
      [Cache] Redis ready

      at EventEmitter.log 
(src/config/cache.config.js:18:54)

    console.log
      ERROR: Could not verify token

      at log (src/middlewares/protect.js:14:15)

[0mGET /admin/metrics [33m403[0m 3.347 ms - 78[0m
[0mGET /manager/d [33m403[0m 1.070 ms - 78[0m
[0mGET /user/wishlist [33m403[0m 0.972 ms - 79[0m
[0mGET /admin/metrics [33m403[0m 0.310 ms - 30[0m
[0mGET /manager/d [33m403[0m 1.373 ms - 9[0m
[0mGET /auth/me [33m403[0m 0.497 ms - 30[0m
PASS tests/unit/chatbot.controller.test.js
PASS tests/integration/route.auth-validation.integration.
test.js
  ΓùÅ Console

    console.log
      [Cache] Redis connected

      at EventEmitter.log 
(src/config/cache.config.js:17:35)

    console.log
      ERROR: Could not verify token

      at log (src/middlewares/protect.js:14:15)

    console.log
      [Cache] Redis ready

      at EventEmitter.log 
(src/config/cache.config.js:18:54)

[0mGET /chat/contacts [33m403[0m 0.489 ms - 30[0m
[0mGET /chat/contacts [33m403[0m 1.362 ms - 9[0m
[0mPOST /chatbot/chat [33m400[0m 4.582 ms - 80[0m
[0mPOST /chatbot/chat/end [33m400[0m 1.769 ms - 51[0m
[0mPOST /manager/complaints/c1/resolve-escrow [33m400[0m 2.682 ms - 70[0m
PASS tests/unit/protect.middleware.test.js
  ΓùÅ Console

    console.log
      ERROR: Could not verify token

      at log (src/middlewares/protect.js:14:15)

PASS tests/integration/anyone.router.test.js
  ΓùÅ Console

    console.log
      [ { _id: 'p1' }, { _id: 'p2' } ]

      at log (src/controllers/anyone.controller.js:56:17)

[0mPOST /auth/login [32m200[0m 24.569 ms - 117[0m
[0mGET /auth/me [32m200[0m 13.880 ms - 277[0m
[0mGET /auth/me [33m403[0m 0.420 ms - 30[0m
[0mDELETE /auth/logout [32m200[0m 0.438 ms - 70[0m
PASS tests/integration/auth.router.memory.test.js
  ΓùÅ Console

    console.log
      [Cache] Redis connected

      at EventEmitter.log 
(src/config/cache.config.js:17:35)

    console.log
      [Cache] Redis ready

      at EventEmitter.log 
(src/config/cache.config.js:18:54)

    console.log
      request rcvd:  { email: 'auth-user@test.com', 
password: 'pass123' }

      at log (src/controllers/auth.controller.js:83:17)

    console.log
      buyer in loginServ:  {
        _id: new ObjectId('69e4db3997003ebfa972a898'),
        username: 'auth-user',
        contact: '9999999999',
        email: 'auth-user@test.com',
        password: 'pass123',
        profilePicPath: null,
        subscription: 0,
        usedPosts: 0,
        wishlistProducts: [],
        earnings: 0,
        defaultPayoutAccountId: null,
        payoutConfiguredAt: null,
        __v: 0
      }

      at log (src/services/auth.service.js:210:13)

PASS tests/unit/chatbot.service.test.js
PASS tests/unit/chat.service.test.js

Summary of all failing tests
FAIL tests/unit/seller.service.test.js
  ΓùÅ seller.service ΓÇ║ revokeAcceptedRequestService 
sends notification on success

    TypeError: Cannot read properties of undefined 
(reading 'seller')

    [0m [90m 616 |[39m     [36mconst[39m product 
[33m=[39m [36mawait[39m 
getProductById(productId)[33m;[39m
     [90m 617 |[39m
    [31m[1m>[22m[39m[90m 618 |[39m     
[36mawait[39m 
invalidateProductCaches(productId[33m,[39m 
product[33m.[39mseller[33m.[39m_id)[33m;[39m
     [90m     |[39m                                    
                  [31m[1m^[22m[39m
     [90m 619 |[39m
     [90m 620 |[39m     
     [90m 621 |[39m     [36mif[39m 
([33m![39mresult[33m.[39msuccess) {[0m

      at seller (src/services/seller.service.js:618:54)
      at Object.<anonymous> 
(tests/unit/seller.service.test.js:159:20)

FAIL tests/unit/manager.service.test.js
  ΓùÅ manager.service ΓÇ║ verifyProduct verifies and 
emits notification

    TypeError: Cannot read properties of undefined 
(reading '_id')

    [0m [90m 81 |[39m
     [90m 82 |[39m     [90m// Product is now verified 
ΓÇö it may now appear on homepage / detail pages[39m
    [31m[1m>[22m[39m[90m 83 |[39m     
[36mawait[39m 
invalidateProductCaches(productId[33m,[39m 
product[33m.[39mseller[33m.[39m_id [33m||[39m 
product[33m.[39mseller)[33m;[39m
     [90m    |[39m                                     
                        [31m[1m^[22m[39m
     [90m 84 |[39m     [36mawait[39m 
invalidateAdminCaches()[33m;[39m
     [90m 85 |[39m
     [90m 86 |[39m     [36mawait[39m 
createProductVerifiedNotification([0m

      at _id (src/services/manager.service.js:83:61)
      at Object.<anonymous> 
(tests/unit/manager.service.test.js:79:20)

FAIL tests/unit/buyer.service.test.js
  ΓùÅ buyer.service ΓÇ║ verifyPaymentService releases 
hold when signature invalid

    TypeError: (0 , _productsDao.getProductById) is not 
a function

    [0m [90m 335 |[39m             [36mawait[39m rel
easeProductPaymentHoldDao(currentOrder[33m.[39mproductI
d[33m,[39m currentOrder[33m.[39mbuyerId)[33m;[39m
     [90m 336 |[39m
    [31m[1m>[22m[39m[90m 337 |[39m             
[36mconst[39m product [33m=[39m [36mawait[39m getPr
oductById(currentOrder[33m.[39mproductId)[33m;[39m
     [90m     |[39m                                    
             [31m[1m^[22m[39m
     [90m 338 |[39m             [90m// Payment failed 
ΓÇö seller products cache is stale (hold released)[39m
     [90m 339 |[39m             [36mawait[39m cacheDe
l([33mKEYS[39m[33m.[39msellerProducts(product[33m.[
39mseller[33m.[39m_id))[33m;[39m
     [90m 340 |[39m         }[0m

      at verifyPaymentService 
(src/services/buyer.service.js:337:49)
      at Object.<anonymous> 
(tests/unit/buyer.service.test.js:124:20)

  ΓùÅ buyer.service ΓÇ║ notInterestedService creates 
seller 20% refund payout when stake exists

    TypeError: (0 , _productsDao.getProductById) is not 
a function

    [0m [90m 373 |[39m     [36mconst[39m result 
[33m=[39m [36mawait[39m 
notInterestedDao(buyerId[33m,[39m productId)[33m;[39m
     [90m 374 |[39m
    [31m[1m>[22m[39m[90m 375 |[39m     
[36mconst[39m product [33m=[39m [36mawait[39m 
getProductById(productId)[33m;[39m
     [90m     |[39m                                    
     [31m[1m^[22m[39m
     [90m 376 |[39m
     [90m 377 |[39m     [90m// Buyer withdrew 
interest ΓÇö invalidate seller products + product detail 
+ homepage[39m
     [90m 378 |[39m     [36mawait[39m 
invalidateProductCaches(productId[33m,[39m 
product[33m.[39mseller[33m.[39m_id)[33m;[39m[0m

      at notInterestedService 
(src/services/buyer.service.js:375:41)
      at Object.<anonymous> 
(tests/unit/buyer.service.test.js:155:20)

  ΓùÅ buyer.service ΓÇ║ notInterestedService skips 
payout when no locked stake

    TypeError: (0 , _productsDao.getProductById) is not 
a function

    [0m [90m 373 |[39m     [36mconst[39m result 
[33m=[39m [36mawait[39m 
notInterestedDao(buyerId[33m,[39m productId)[33m;[39m
     [90m 374 |[39m
    [31m[1m>[22m[39m[90m 375 |[39m     
[36mconst[39m product [33m=[39m [36mawait[39m 
getProductById(productId)[33m;[39m
     [90m     |[39m                                    
     [31m[1m^[22m[39m
     [90m 376 |[39m
     [90m 377 |[39m     [90m// Buyer withdrew 
interest ΓÇö invalidate seller products + product detail 
+ homepage[39m
     [90m 378 |[39m     [36mawait[39m 
invalidateProductCaches(productId[33m,[39m 
product[33m.[39mseller[33m.[39m_id)[33m;[39m[0m

      at notInterestedService 
(src/services/buyer.service.js:375:41)
      at Object.<anonymous> 
(tests/unit/buyer.service.test.js:174:20)


Test Suites: 3 failed, 26 passed, 29 total
Tests:       5 failed, 193 passed, 198 total
Snapshots:   0 total
Time:        15.19 s
Ran all test suites.
